

HI-TECH Software PIC LITE Macro Assembler V9.83 build 10920 
                                                                                               Fri Nov 17 19:52:59 2017

HI-TECH Software Omniscient Code Generator (Lite mode) build 10920
     1  0000                     opt subtitle "HI-TECH Software Omniscient Code Generator (Lite mode) build 10920"
     2                           
     3                           opt pagewidth 120
     4                           
     5                           	opt lm
     6                           
     7                           	processor	12LF1822
     8                           clrc	macro
     9                           	bcf	3,0
    10  0000                     	endm
    11                           clrz	macro
    12                           	bcf	3,2
    13  0000                     	endm
    14                           setc	macro
    15                           	bsf	3,0
    16  0000                     	endm
    17                           setz	macro
    18                           	bsf	3,2
    19  0000                     	endm
    20                           skipc	macro
    21                           	btfss	3,0
    22  0000                     	endm
    23                           skipz	macro
    24                           	btfss	3,2
    25  0000                     	endm
    26                           skipnc	macro
    27                           	btfsc	3,0
    28  0000                     	endm
    29                           skipnz	macro
    30                           	btfsc	3,2
    31  0000                     	endm
    32  0000                     indf	equ	0
    33  0000                     indf0	equ	0
    34  0001                     indf1	equ	1
    35  0002                     pc	equ	2
    36  0002                     pcl	equ	2
    37  0003                     status	equ	3
    38  0004                     fsr0l	equ	4
    39  0005                     fsr0h	equ	5
    40  0006                     fsr1l	equ	6
    41  0007                     fsr1h	equ	7
    42  0008                     bsr	equ	8
    43  0009                     wreg	equ	9
    44  000B                     intcon	equ	11
    45  0001                     c	equ	1
    46  0000                     z	equ	0
    47  000A                     pclath	equ	10
    48                           # 17 "C:\Users\igalab\Documents\ONOFF_12V\ONOFF_12V\onoff.c"
    49                           	psect config,class=CONFIG,delta=2 ;#
    50                           # 17 "C:\Users\igalab\Documents\ONOFF_12V\ONOFF_12V\onoff.c"
    51  8007  CF84               	dw 0xFFFF & 0xFFFC & 0xDFFF & 0xEFFF & 0xFFFF & 0xFFDF & 0xFFE7 & 0xFFBF & 0xFFFF & 0xF
                                 FFF ;#
    52                           # 24 "C:\Users\igalab\Documents\ONOFF_12V\ONOFF_12V\onoff.c"
    53                           	psect config,class=CONFIG,delta=2 ;#
    54                           # 24 "C:\Users\igalab\Documents\ONOFF_12V\ONOFF_12V\onoff.c"
    55  8008  DAFF               	dw 0xFEFF & 0xFFFF & 0xFFFF & 0xFBFF & 0xDFFF ;#
    56                           	FNCALL	_main,_FlashLED
    57                           	FNCALL	_main,_ErrorInd
    58                           	FNROOT	_main
    59                           	global	_PORTA
    60                           psect	text88,local,class=CODE,delta=2
    61                           global __ptext88
    62  0000                     __ptext88:
    63  000C                     _PORTA	set	12
    64                           	global	_CARRY
    65  0018                     _CARRY	set	24
    66                           	global	_GIE
    67  005F                     _GIE	set	95
    68                           	global	_RCIF
    69  008D                     _RCIF	set	141
    70                           	global	_TXIF
    71  008C                     _TXIF	set	140
    72                           	global	_OSCCON
    73  0099                     _OSCCON	set	153
    74                           	global	_TRISA
    75  008C                     _TRISA	set	140
    76                           	global	_nWPUEN
    77  04AF                     _nWPUEN	set	1199
    78                           	global	_LATA2
    79  0862                     _LATA2	set	2146
    80                           	global	_RXDTSEL
    81  08EF                     _RXDTSEL	set	2287
    82                           	global	_TXCKSEL
    83  08EA                     _TXCKSEL	set	2282
    84                           	global	_EEADR
    85  0191                     _EEADR	set	401
    86                           	global	_ANSELA
    87  018C                     _ANSELA	set	396
    88                           	global	_BAUDCON
    89  019F                     _BAUDCON	set	415
    90                           	global	_EECON1
    91  0195                     _EECON1	set	405
    92                           	global	_EECON2
    93  0196                     _EECON2	set	406
    94                           	global	_EEDATA
    95  0193                     _EEDATA	set	403
    96                           	global	_RCREG
    97  0199                     _RCREG	set	409
    98                           	global	_RCSTA
    99  019D                     _RCSTA	set	413
   100                           	global	_RCSTAbits
   101  019D                     _RCSTAbits	set	413
   102                           	global	_SPBRG
   103  019B                     _SPBRG	set	411
   104                           	global	_TXREG
   105  019A                     _TXREG	set	410
   106                           	global	_TXSTA
   107  019E                     _TXSTA	set	414
   108                           	global	_BRG16
   109  0CFB                     _BRG16	set	3323
   110                           	global	_RD
   111  0CA8                     _RD	set	3240
   112                           	global	_WR
   113  0CA9                     _WR	set	3241
   114                           	global	_WREN
   115  0CAA                     _WREN	set	3242
   116                           	global	_WPUA
   117  020C                     _WPUA	set	524
   118                           	file	"C:\Users\igalab\AppData\Local\Temp\s7as."
   119                           	line	#
   120                           psect cinit,class=CODE,delta=2
   121                           global start_initialization
   122  0745                     start_initialization:
   123                           
   124                           psect cinit,class=CODE,delta=2
   125                           global end_of_initialization
   126                           
   127                           ;End of C runtime variable initialization code
   128                           
   129  0745                     end_of_initialization:
   130  0745  0020               movlb 0
   131  0746  2F97               ljmp _main	;jump to C main() function
   132                           psect	cstackCOMMON,class=COMMON,space=1
   133                           global __pcstackCOMMON
   134  0070                     __pcstackCOMMON:
   135                           	global	?_FlashLED
   136  0070                     ?_FlashLED:	; 0 bytes @ 0x0
   137                           	global	??_FlashLED
   138  0070                     ??_FlashLED:	; 0 bytes @ 0x0
   139                           	global	?_ErrorInd
   140  0070                     ?_ErrorInd:	; 0 bytes @ 0x0
   141                           	global	??_ErrorInd
   142  0070                     ??_ErrorInd:	; 0 bytes @ 0x0
   143                           	global	?_main
   144  0070                     ?_main:	; 0 bytes @ 0x0
   145  0070                     	ds	2
   146                           	global	FlashLED@i
   147  0072                     FlashLED@i:	; 1 bytes @ 0x2
   148  0072                     	ds	1
   149                           	global	??_main
   150  0073                     ??_main:	; 0 bytes @ 0x3
   151  0073                     	ds	1
   152                           	global	main@RxData
   153  0074                     main@RxData:	; 1 bytes @ 0x4
   154  0074                     	ds	1
   155 ;;Data sizes: Strings 0, constant 0, data 0, bss 0, persistent 0 stack 0
   156 ;;Auto spaces:   Size  Autos    Used
   157 ;; COMMON          14      5       5
   158 ;; BANK0           80      0       0
   159 ;; BANK1           32      0       0
   160                           
   161 ;;
   162 ;; Pointer list with targets:
   163                           
   164                           
   165                           
   166 ;;
   167 ;; Critical Paths under _main in COMMON
   168 ;;
   169 ;;   _main->_FlashLED
   170 ;;
   171 ;; Critical Paths under _main in BANK0
   172 ;;
   173 ;;   None.
   174 ;;
   175 ;; Critical Paths under _main in BANK1
   176 ;;
   177 ;;   None.
   178                           
   179 ;;
   180 ;;Main: autosize = 0, tempsize = 1, incstack = 0, save=0
   181 ;;
   182                           
   183 ;;
   184 ;;Call Graph Tables:
   185 ;;
   186 ;; ---------------------------------------------------------------------------------
   187 ;; (Depth) Function   	        Calls       Base Space   Used Autos Params    Refs
   188 ;; ---------------------------------------------------------------------------------
   189 ;; (0) _main                                                 2     2      0      45
   190 ;;                                              3 COMMON     2     2      0
   191 ;;                           _FlashLED
   192 ;;                           _ErrorInd
   193 ;; ---------------------------------------------------------------------------------
   194 ;; (1) _ErrorInd                                             2     2      0       0
   195 ;;                                              0 COMMON     2     2      0
   196 ;; ---------------------------------------------------------------------------------
   197 ;; (1) _FlashLED                                             3     3      0      15
   198 ;;                                              0 COMMON     3     3      0
   199 ;; ---------------------------------------------------------------------------------
   200 ;; Estimated maximum stack depth 1
   201 ;; ---------------------------------------------------------------------------------
   202                           
   203 ;; Call Graph Graphs:
   204                           
   205 ;; _main (ROOT)
   206 ;;   _FlashLED
   207 ;;   _ErrorInd
   208 ;;
   209                           
   210 ;; Address spaces:
   211                           
   212 ;;Name               Size   Autos  Total    Cost      Usage
   213 ;;BIGRAM              70      0       0       0        0.0%
   214 ;;EEDATA             100      0       0       0        0.0%
   215 ;;NULL                 0      0       0       0        0.0%
   216 ;;CODE                 0      0       0       0        0.0%
   217 ;;BITCOMMON            E      0       0       1        0.0%
   218 ;;BITSFR0              0      0       0       1        0.0%
   219 ;;SFR0                 0      0       0       1        0.0%
   220 ;;COMMON               E      5       5       2       35.7%
   221 ;;BITSFR1              0      0       0       2        0.0%
   222 ;;SFR1                 0      0       0       2        0.0%
   223 ;;BITSFR2              0      0       0       3        0.0%
   224 ;;SFR2                 0      0       0       3        0.0%
   225 ;;STACK                0      0       1       3        0.0%
   226 ;;BITSFR3              0      0       0       4        0.0%
   227 ;;SFR3                 0      0       0       4        0.0%
   228 ;;ABS                  0      0       0       4        0.0%
   229 ;;BITBANK0            50      0       0       5        0.0%
   230 ;;BITSFR4              0      0       0       5        0.0%
   231 ;;SFR4                 0      0       0       5        0.0%
   232 ;;BANK0               50      0       0       6        0.0%
   233 ;;BITSFR5              0      0       0       6        0.0%
   234 ;;SFR5                 0      0       0       6        0.0%
   235 ;;BITBANK1            20      0       0       7        0.0%
   236 ;;BITSFR6              0      0       0       7        0.0%
   237 ;;SFR6                 0      0       0       7        0.0%
   238 ;;BANK1               20      0       0       8        0.0%
   239 ;;BITSFR7              0      0       0       8        0.0%
   240 ;;SFR7                 0      0       0       8        0.0%
   241 ;;BITSFR8              0      0       0       9        0.0%
   242 ;;SFR8                 0      0       0       9        0.0%
   243 ;;DATA                 0      0       0       9        0.0%
   244 ;;BITSFR9              0      0       0      10        0.0%
   245 ;;SFR9                 0      0       0      10        0.0%
   246 ;;BITSFR10             0      0       0      11        0.0%
   247 ;;SFR10                0      0       0      11        0.0%
   248 ;;BITSFR11             0      0       0      12        0.0%
   249 ;;SFR11                0      0       0      12        0.0%
   250 ;;BITSFR12             0      0       0      13        0.0%
   251 ;;SFR12                0      0       0      13        0.0%
   252 ;;BITSFR13             0      0       0      14        0.0%
   253 ;;SFR13                0      0       0      14        0.0%
   254 ;;BITSFR14             0      0       0      15        0.0%
   255 ;;SFR14                0      0       0      15        0.0%
   256 ;;BITSFR15             0      0       0      16        0.0%
   257 ;;SFR15                0      0       0      16        0.0%
   258 ;;BITSFR16             0      0       0      17        0.0%
   259 ;;SFR16                0      0       0      17        0.0%
   260 ;;BITSFR17             0      0       0      18        0.0%
   261 ;;SFR17                0      0       0      18        0.0%
   262 ;;BITSFR18             0      0       0      19        0.0%
   263 ;;SFR18                0      0       0      19        0.0%
   264 ;;BITSFR19             0      0       0      20        0.0%
   265 ;;SFR19                0      0       0      20        0.0%
   266 ;;BITSFR20             0      0       0      21        0.0%
   267 ;;SFR20                0      0       0      21        0.0%
   268 ;;BITSFR21             0      0       0      22        0.0%
   269 ;;SFR21                0      0       0      22        0.0%
   270 ;;BITSFR22             0      0       0      23        0.0%
   271 ;;SFR22                0      0       0      23        0.0%
   272 ;;BITSFR23             0      0       0      24        0.0%
   273 ;;SFR23                0      0       0      24        0.0%
   274 ;;BITSFR24             0      0       0      25        0.0%
   275 ;;SFR24                0      0       0      25        0.0%
   276 ;;BITSFR25             0      0       0      26        0.0%
   277 ;;SFR25                0      0       0      26        0.0%
   278 ;;BITSFR26             0      0       0      27        0.0%
   279 ;;SFR26                0      0       0      27        0.0%
   280 ;;BITSFR27             0      0       0      28        0.0%
   281 ;;SFR27                0      0       0      28        0.0%
   282 ;;BITSFR28             0      0       0      29        0.0%
   283 ;;SFR28                0      0       0      29        0.0%
   284 ;;BITSFR29             0      0       0      30        0.0%
   285 ;;SFR29                0      0       0      30        0.0%
   286 ;;BITSFR30             0      0       0      31        0.0%
   287 ;;SFR30                0      0       0      31        0.0%
   288 ;;BITSFR31             0      0       0      32        0.0%
   289 ;;SFR31                0      0       0      32        0.0%
   290                           
   291                           	global	_main
   292                           psect	maintext,global,class=CODE,delta=2
   293                           global __pmaintext
   294  0797                     __pmaintext:
   295                           
   296 ;; *************** function _main *****************
   297 ;; Defined at:
   298 ;;		line 33 in file "C:\Users\igalab\Documents\ONOFF_12V\ONOFF_12V\onoff.c"
   299 ;; Parameters:    Size  Location     Type
   300 ;;		None
   301 ;; Auto vars:     Size  Location     Type
   302 ;;  RxData          1    4[COMMON] unsigned char 
   303 ;; Return value:  Size  Location     Type
   304 ;;		None               void
   305 ;; Registers used:
   306 ;;		wreg, fsr0l, fsr0h, status,2, status,0, pclath, cstack
   307 ;; Tracked objects:
   308 ;;		On entry : 17F/0
   309 ;;		On exit  : 0/0
   310 ;;		Unchanged: 0/0
   311 ;; Data sizes:     COMMON   BANK0   BANK1
   312 ;;      Params:         0       0       0
   313 ;;      Locals:         1       0       0
   314 ;;      Temps:          1       0       0
   315 ;;      Totals:         2       0       0
   316 ;;Total ram usage:        2 bytes
   317 ;; Hardware stack levels required when called:    1
   318 ;; This function calls:
   319 ;;		_FlashLED
   320 ;;		_ErrorInd
   321 ;; This function is called by:
   322 ;;		Startup code after reset
   323 ;; This function uses a non-reentrant model
   324 ;;
   325                           psect	maintext
   326                           	file	"C:\Users\igalab\Documents\ONOFF_12V\ONOFF_12V\onoff.c"
   327                           	line	33
   328                           	global	__size_of_main
   329  0069                     	__size_of_main	equ	__end_of_main-_main
   330                           	
   331  0797                     _main:	
   332                           	opt	stack 15
   333                           ; Regs used in _main: [wreg-fsr0h+status,2+status,0+pclath+cstack]
   334                           	line	36
   335                           	
   336  0797                     l3512:	
   337                           ;onoff.c: 34: char RxData;
   338                           ;onoff.c: 36: OSCCON = 0b01011010 ;
   339  0797  305A               	movlw	(05Ah)
   340  0798  0021               	movlb 1	; select bank1
   341  0799  0099               	movwf	(153)^080h	;volatile
   342                           	line	37
   343                           ;onoff.c: 37: PORTA = 0b00000100 ;
   344  079A  3004               	movlw	(04h)
   345  079B  0020               	movlb 0	; select bank0
   346  079C  008C               	movwf	(12)	;volatile
   347                           	line	38
   348                           	
   349  079D                     l3514:	
   350                           ;onoff.c: 38: RXDTSEL = 1 ;
   351  079D  0022               	movlb 2	; select bank2
   352  079E  179D               	bsf	(2287/8)^0100h,(2287)&7
   353                           	line	39
   354                           	
   355  079F                     l3516:	
   356                           ;onoff.c: 39: TXCKSEL = 1 ;
   357  079F  151D               	bsf	(2282/8)^0100h,(2282)&7
   358                           	line	41
   359                           ;onoff.c: 41: TRISA = 0b00101001 ;
   360  07A0  3029               	movlw	(029h)
   361  07A1  0021               	movlb 1	; select bank1
   362  07A2  008C               	movwf	(140)^080h	;volatile
   363                           	line	42
   364                           	
   365  07A3                     l3518:	
   366                           ;onoff.c: 42: ANSELA = 0x00;
   367  07A3  0023               	movlb 3	; select bank3
   368  07A4  018C               	clrf	(396)^0180h	;volatile
   369                           	line	43
   370                           	
   371  07A5                     l3520:	
   372                           ;onoff.c: 43: WPUA = 0b00011111;
   373  07A5  301F               	movlw	(01Fh)
   374  07A6  0024               	movlb 4	; select bank4
   375  07A7  008C               	movwf	(524)^0200h	;volatile
   376                           	line	44
   377                           	
   378  07A8                     l3522:	
   379                           ;onoff.c: 44: nWPUEN = 0;
   380  07A8  0021               	movlb 1	; select bank1
   381  07A9  1395               	bcf	(1199/8)^080h,(1199)&7
   382                           	line	47
   383                           	
   384  07AA                     l3524:	
   385                           ;onoff.c: 47: RCSTA = 0b10010000;
   386  07AA  3090               	movlw	(090h)
   387  07AB  0023               	movlb 3	; select bank3
   388  07AC  009D               	movwf	(413)^0180h	;volatile
   389                           	line	48
   390                           	
   391  07AD                     l3526:	
   392                           ;onoff.c: 48: TXSTA = 0b00100100;
   393  07AD  3024               	movlw	(024h)
   394  07AE  009E               	movwf	(414)^0180h	;volatile
   395                           	line	49
   396                           	
   397  07AF                     l3528:	
   398                           ;onoff.c: 49: BAUDCON = 0b00001000;
   399  07AF  3008               	movlw	(08h)
   400  07B0  009F               	movwf	(415)^0180h	;volatile
   401                           	line	52
   402                           	
   403  07B1                     l3530:	
   404                           ;onoff.c: 52: BRG16 = 1;
   405  07B1  159F               	bsf	(3323/8)^0180h,(3323)&7
   406                           	line	53
   407                           	
   408  07B2                     l3532:	
   409                           ;onoff.c: 53: SPBRG = 25 ;
   410  07B2  3019               	movlw	(019h)
   411  07B3  009B               	movwf	(411)^0180h	;volatile
   412  07B4  2FB6               	goto	l1150
   413                           	line	56
   414                           ;onoff.c: 56: while(1){
   415                           	
   416  07B5                     l1149:	
   417                           	line	57
   418                           ;onoff.c: 57: while (!RCIF);
   419  07B5  2FB6               	goto	l1150
   420                           	
   421  07B6                     l1151:	
   422                           	
   423  07B6                     l1150:	
   424  07B6  0020               	movlb 0	; select bank0
   425  07B7  1E91               	btfss	(141/8),(141)&7
   426  07B8  2FBA               	goto	u2161
   427  07B9  2FBB               	goto	u2160
   428  07BA                     u2161:
   429  07BA  2FB6               	goto	l1150
   430  07BB                     u2160:
   431                           	
   432  07BB                     l1152:	
   433                           	line	58
   434                           ;onoff.c: 58: if(RCSTAbits.OERR){
   435  07BB  0023               	movlb 3	; select bank3
   436  07BC  1C9D               	btfss	(413)^0180h,1	;volatile
   437  07BD  2FBF               	goto	u2171
   438  07BE  2FC0               	goto	u2170
   439  07BF                     u2171:
   440  07BF  2FC7               	goto	l3538
   441  07C0                     u2170:
   442                           	line	59
   443                           	
   444  07C0                     l3534:	
   445                           ;onoff.c: 59: RCSTAbits.CREN=0;
   446  07C0  121D               	bcf	(413)^0180h,4	;volatile
   447                           	line	60
   448                           ;onoff.c: 60: RCSTAbits.CREN=1;
   449  07C1  161D               	bsf	(413)^0180h,4	;volatile
   450                           	line	61
   451                           	
   452  07C2                     l3536:	
   453                           ;onoff.c: 61: RxData = RCREG;
   454  07C2  0819               	movf	(409)^0180h,w	;volatile
   455  07C3  00F3               	movwf	(??_main+0)+0
   456  07C4  0873               	movf	(??_main+0)+0,w
   457  07C5  00F4               	movwf	(main@RxData)
   458                           	line	62
   459                           ;onoff.c: 62: continue;
   460  07C6  2FB6               	goto	l1150
   461                           	line	63
   462                           	
   463  07C7                     l1153:	
   464                           	line	64
   465                           	
   466  07C7                     l3538:	
   467                           ;onoff.c: 63: }
   468                           ;onoff.c: 64: RxData = RCREG;
   469  07C7  0819               	movf	(409)^0180h,w	;volatile
   470  07C8  00F3               	movwf	(??_main+0)+0
   471  07C9  0873               	movf	(??_main+0)+0,w
   472  07CA  00F4               	movwf	(main@RxData)
   473                           	line	65
   474                           ;onoff.c: 65: while(TXIF==0);
   475  07CB  2FCC               	goto	l1155
   476                           	
   477  07CC                     l1156:	
   478                           	
   479  07CC                     l1155:	
   480  07CC  0020               	movlb 0	; select bank0
   481  07CD  1E11               	btfss	(140/8),(140)&7
   482  07CE  2FD0               	goto	u2181
   483  07CF  2FD1               	goto	u2180
   484  07D0                     u2181:
   485  07D0  2FCC               	goto	l1155
   486  07D1                     u2180:
   487  07D1  2FD2               	goto	l3540
   488                           	
   489  07D2                     l1157:	
   490                           	line	66
   491                           	
   492  07D2                     l3540:	
   493                           ;onoff.c: 66: TXREG = RxData;
   494  07D2  0874               	movf	(main@RxData),w
   495  07D3  0023               	movlb 3	; select bank3
   496  07D4  009A               	movwf	(410)^0180h	;volatile
   497                           	line	67
   498                           ;onoff.c: 67: switch(RxData){
   499  07D5  2FEF               	goto	l3554
   500                           	line	68
   501                           ;onoff.c: 68: case '1':FlashLED(1);break;
   502                           	
   503  07D6                     l1159:	
   504                           	
   505  07D6                     l3542:	
   506  07D6  3001               	movlw	(01h)
   507  07D7  3187  2747  3187   	fcall	_FlashLED
   508  07DA  2FB6               	goto	l1150
   509                           	line	69
   510                           ;onoff.c: 69: case '2':FlashLED(2);break;
   511                           	
   512  07DB                     l1161:	
   513                           	
   514  07DB                     l3544:	
   515  07DB  3002               	movlw	(02h)
   516  07DC  3187  2747  3187   	fcall	_FlashLED
   517  07DF  2FB6               	goto	l1150
   518                           	line	70
   519                           ;onoff.c: 70: case '3':FlashLED(3);break;
   520                           	
   521  07E0                     l1162:	
   522                           	
   523  07E0                     l3546:	
   524  07E0  3003               	movlw	(03h)
   525  07E1  3187  2747  3187   	fcall	_FlashLED
   526  07E4  2FB6               	goto	l1150
   527                           	line	71
   528                           ;onoff.c: 71: case '4':FlashLED(4);break;
   529                           	
   530  07E5                     l1163:	
   531                           	
   532  07E5                     l3548:	
   533  07E5  3004               	movlw	(04h)
   534  07E6  3187  2747  3187   	fcall	_FlashLED
   535  07E9  2FB6               	goto	l1150
   536                           	line	72
   537                           ;onoff.c: 72: default :ErrorInd() ;break;
   538                           	
   539  07EA                     l1164:	
   540                           	
   541  07EA                     l3550:	
   542  07EA  3187  276A  3187   	fcall	_ErrorInd
   543  07ED  2FB6               	goto	l1150
   544                           	line	73
   545                           	
   546  07EE                     l3552:	
   547                           ;onoff.c: 73: }
   548  07EE  2FB6               	goto	l1150
   549                           	line	67
   550                           	
   551  07EF                     l1158:	
   552                           	
   553  07EF                     l3554:	
   554  07EF  0874               	movf	(main@RxData),w
   555                           	; Switch size 1, requested type "space"
   556                           ; Number of cases is 4, Range of values is 49 to 52
   557                           ; switch strategies available:
   558                           ; Name         Instructions Cycles
   559                           ; simple_byte           13     7 (average)
   560                           ; direct_byte           17     9 (fixed)
   561                           ; jumptable            263     9 (fixed)
   562                           ;	Chosen strategy is simple_byte
   563                           
   564                           	opt asmopt_off
   565  07F0  3A31               	xorlw	49^0	; case 49
   566  07F1  1903               	skipnz
   567  07F2  2FD6               	goto	l3542
   568  07F3  3A03               	xorlw	50^49	; case 50
   569  07F4  1903               	skipnz
   570  07F5  2FDB               	goto	l3544
   571  07F6  3A01               	xorlw	51^50	; case 51
   572  07F7  1903               	skipnz
   573  07F8  2FE0               	goto	l3546
   574  07F9  3A07               	xorlw	52^51	; case 52
   575  07FA  1903               	skipnz
   576  07FB  2FE5               	goto	l3548
   577  07FC  2FEA               	goto	l3550
   578                           	opt asmopt_on
   579                           
   580                           	line	73
   581                           	
   582  07FD                     l1160:	
   583  07FD  2FB6               	goto	l1150
   584                           	line	74
   585                           	
   586  07FE                     l1154:	
   587                           	line	56
   588  07FE  2FB6               	goto	l1150
   589                           	
   590  07FF                     l1165:	
   591                           	line	75
   592                           	
   593  07FF                     l1166:	
   594                           	global	start
   595  07FF  2801               	ljmp	start
   596                           	opt stack 0
   597                           GLOBAL	__end_of_main
   598  0800                     	__end_of_main:
   599 ;; =============== function _main ends ============
   600                           
   601                           	signat	_main,88
   602                           	global	_ErrorInd
   603                           psect	text89,local,class=CODE,delta=2
   604                           global __ptext89
   605  076A                     __ptext89:
   606                           
   607 ;; *************** function _ErrorInd *****************
   608 ;; Defined at:
   609 ;;		line 84 in file "C:\Users\igalab\Documents\ONOFF_12V\ONOFF_12V\onoff.c"
   610 ;; Parameters:    Size  Location     Type
   611 ;;		None
   612 ;; Auto vars:     Size  Location     Type
   613 ;;		None
   614 ;; Return value:  Size  Location     Type
   615 ;;		None               void
   616 ;; Registers used:
   617 ;;		wreg
   618 ;; Tracked objects:
   619 ;;		On entry : 0/0
   620 ;;		On exit  : 0/0
   621 ;;		Unchanged: 0/0
   622 ;; Data sizes:     COMMON   BANK0   BANK1
   623 ;;      Params:         0       0       0
   624 ;;      Locals:         0       0       0
   625 ;;      Temps:          2       0       0
   626 ;;      Totals:         2       0       0
   627 ;;Total ram usage:        2 bytes
   628 ;; Hardware stack levels used:    1
   629 ;; This function calls:
   630 ;;		Nothing
   631 ;; This function is called by:
   632 ;;		_main
   633 ;; This function uses a non-reentrant model
   634 ;;
   635                           psect	text89
   636                           	file	"C:\Users\igalab\Documents\ONOFF_12V\ONOFF_12V\onoff.c"
   637                           	line	84
   638                           	global	__size_of_ErrorInd
   639  002D                     	__size_of_ErrorInd	equ	__end_of_ErrorInd-_ErrorInd
   640                           	
   641  076A                     _ErrorInd:	
   642                           	opt	stack 15
   643                           ; Regs used in _ErrorInd: [wreg]
   644                           	line	85
   645                           	
   646  076A                     l3502:	
   647                           ;onoff.c: 85: LATA2 = 1; _delay((unsigned long)((50)*(1000000/4000.0)));
   648  076A  0022               	movlb 2	; select bank2
   649  076B  150C               	bsf	(2146/8)^0100h,(2146)&7
   650                           	
   651  076C                     l3504:	
   652                           	opt asmopt_off
   653  076C  3011               movlw	17
   654  076D  00F1               movwf	((??_ErrorInd+0)+0+1),f
   655  076E  303A               	movlw	58
   656  076F  00F0               movwf	((??_ErrorInd+0)+0),f
   657  0770                     u2197:
   658  0770  0BF0               	decfsz	((??_ErrorInd+0)+0),f
   659  0771  2F70               	goto	u2197
   660  0772  0BF1               	decfsz	((??_ErrorInd+0)+0+1),f
   661  0773  2F70               	goto	u2197
   662  0774  0064               	clrwdt
   663                           opt asmopt_on
   664                           
   665                           	line	86
   666                           	
   667  0775                     l3506:	
   668                           ;onoff.c: 86: LATA2 = 0; _delay((unsigned long)((50)*(1000000/4000.0)));
   669  0775  0022               	movlb 2	; select bank2
   670  0776  110C               	bcf	(2146/8)^0100h,(2146)&7
   671                           	opt asmopt_off
   672  0777  3011               movlw	17
   673  0778  00F1               movwf	((??_ErrorInd+0)+0+1),f
   674  0779  303A               	movlw	58
   675  077A  00F0               movwf	((??_ErrorInd+0)+0),f
   676  077B                     u2207:
   677  077B  0BF0               	decfsz	((??_ErrorInd+0)+0),f
   678  077C  2F7B               	goto	u2207
   679  077D  0BF1               	decfsz	((??_ErrorInd+0)+0+1),f
   680  077E  2F7B               	goto	u2207
   681  077F  0064               	clrwdt
   682                           opt asmopt_on
   683                           
   684                           	line	87
   685                           	
   686  0780                     l3508:	
   687                           ;onoff.c: 87: LATA2 = 1; _delay((unsigned long)((50)*(1000000/4000.0)));
   688  0780  0022               	movlb 2	; select bank2
   689  0781  150C               	bsf	(2146/8)^0100h,(2146)&7
   690                           	opt asmopt_off
   691  0782  3011               movlw	17
   692  0783  00F1               movwf	((??_ErrorInd+0)+0+1),f
   693  0784  303A               	movlw	58
   694  0785  00F0               movwf	((??_ErrorInd+0)+0),f
   695  0786                     u2217:
   696  0786  0BF0               	decfsz	((??_ErrorInd+0)+0),f
   697  0787  2F86               	goto	u2217
   698  0788  0BF1               	decfsz	((??_ErrorInd+0)+0+1),f
   699  0789  2F86               	goto	u2217
   700  078A  0064               	clrwdt
   701                           opt asmopt_on
   702                           
   703                           	line	88
   704                           	
   705  078B                     l3510:	
   706                           ;onoff.c: 88: LATA2 = 0; _delay((unsigned long)((50)*(1000000/4000.0)));
   707  078B  0022               	movlb 2	; select bank2
   708  078C  110C               	bcf	(2146/8)^0100h,(2146)&7
   709                           	opt asmopt_off
   710  078D  3011               movlw	17
   711  078E  00F1               movwf	((??_ErrorInd+0)+0+1),f
   712  078F  303A               	movlw	58
   713  0790  00F0               movwf	((??_ErrorInd+0)+0),f
   714  0791                     u2227:
   715  0791  0BF0               	decfsz	((??_ErrorInd+0)+0),f
   716  0792  2F91               	goto	u2227
   717  0793  0BF1               	decfsz	((??_ErrorInd+0)+0+1),f
   718  0794  2F91               	goto	u2227
   719  0795  0064               	clrwdt
   720                           opt asmopt_on
   721                           
   722                           	line	89
   723                           	
   724  0796                     l1175:	
   725  0796  0008               	return
   726                           	opt stack 0
   727                           GLOBAL	__end_of_ErrorInd
   728  0797                     	__end_of_ErrorInd:
   729 ;; =============== function _ErrorInd ends ============
   730                           
   731                           	signat	_ErrorInd,88
   732                           	global	_FlashLED
   733                           psect	text90,local,class=CODE,delta=2
   734                           global __ptext90
   735  0747                     __ptext90:
   736                           
   737 ;; *************** function _FlashLED *****************
   738 ;; Defined at:
   739 ;;		line 77 in file "C:\Users\igalab\Documents\ONOFF_12V\ONOFF_12V\onoff.c"
   740 ;; Parameters:    Size  Location     Type
   741 ;;  i               1    wreg     unsigned char 
   742 ;; Auto vars:     Size  Location     Type
   743 ;;  i               1    2[COMMON] unsigned char 
   744 ;; Return value:  Size  Location     Type
   745 ;;		None               void
   746 ;; Registers used:
   747 ;;		wreg, status,2, status,0
   748 ;; Tracked objects:
   749 ;;		On entry : 0/0
   750 ;;		On exit  : 0/0
   751 ;;		Unchanged: 0/0
   752 ;; Data sizes:     COMMON   BANK0   BANK1
   753 ;;      Params:         0       0       0
   754 ;;      Locals:         1       0       0
   755 ;;      Temps:          2       0       0
   756 ;;      Totals:         3       0       0
   757 ;;Total ram usage:        3 bytes
   758 ;; Hardware stack levels used:    1
   759 ;; This function calls:
   760 ;;		Nothing
   761 ;; This function is called by:
   762 ;;		_main
   763 ;; This function uses a non-reentrant model
   764 ;;
   765                           psect	text90
   766                           	file	"C:\Users\igalab\Documents\ONOFF_12V\ONOFF_12V\onoff.c"
   767                           	line	77
   768                           	global	__size_of_FlashLED
   769  0023                     	__size_of_FlashLED	equ	__end_of_FlashLED-_FlashLED
   770                           	
   771  0747                     _FlashLED:	
   772                           	opt	stack 15
   773                           ; Regs used in _FlashLED: [wreg+status,2+status,0]
   774                           ;FlashLED@i stored from wreg
   775  0747  00F2               	movwf	(FlashLED@i)
   776                           	line	78
   777                           	
   778  0748                     l3494:	
   779                           ;onoff.c: 78: while(i--){
   780  0748  2F60               	goto	l3500
   781                           	
   782  0749                     l1170:	
   783                           	line	79
   784                           ;onoff.c: 79: LATA2 = 1; _delay((unsigned long)((250)*(1000000/4000.0)));
   785  0749  0022               	movlb 2	; select bank2
   786  074A  150C               	bsf	(2146/8)^0100h,(2146)&7
   787                           	
   788  074B                     l3496:	
   789                           	opt asmopt_off
   790  074B  3052               movlw	82
   791  074C  00F1               movwf	((??_FlashLED+0)+0+1),f
   792  074D  3029               	movlw	41
   793  074E  00F0               movwf	((??_FlashLED+0)+0),f
   794  074F                     u2237:
   795  074F  0BF0               	decfsz	((??_FlashLED+0)+0),f
   796  0750  2F4F               	goto	u2237
   797  0751  0BF1               	decfsz	((??_FlashLED+0)+0+1),f
   798  0752  2F4F               	goto	u2237
   799  0753  2F54               	nop2
   800                           opt asmopt_on
   801                           
   802                           	line	80
   803                           	
   804  0754                     l3498:	
   805                           ;onoff.c: 80: LATA2 = 0; _delay((unsigned long)((250)*(1000000/4000.0)));
   806  0754  0022               	movlb 2	; select bank2
   807  0755  110C               	bcf	(2146/8)^0100h,(2146)&7
   808                           	opt asmopt_off
   809  0756  3052               movlw	82
   810  0757  00F1               movwf	((??_FlashLED+0)+0+1),f
   811  0758  3029               	movlw	41
   812  0759  00F0               movwf	((??_FlashLED+0)+0),f
   813  075A                     u2247:
   814  075A  0BF0               	decfsz	((??_FlashLED+0)+0),f
   815  075B  2F5A               	goto	u2247
   816  075C  0BF1               	decfsz	((??_FlashLED+0)+0+1),f
   817  075D  2F5A               	goto	u2247
   818  075E  2F5F               	nop2
   819                           opt asmopt_on
   820                           
   821  075F  2F60               	goto	l3500
   822                           	line	81
   823                           	
   824  0760                     l1169:	
   825                           	line	78
   826                           	
   827  0760                     l3500:	
   828  0760  3001               	movlw	low(01h)
   829  0761  02F2               	subwf	(FlashLED@i),f
   830  0762  0872               	movf	((FlashLED@i)),w
   831  0763  3AFF               	xorlw	0FFh&0ffh
   832  0764  1D03               	skipz
   833  0765  2F67               	goto	u2151
   834  0766  2F68               	goto	u2150
   835  0767                     u2151:
   836  0767  2F49               	goto	l1170
   837  0768                     u2150:
   838  0768  2F69               	goto	l1172
   839                           	
   840  0769                     l1171:	
   841                           	line	82
   842                           	
   843  0769                     l1172:	
   844  0769  0008               	return
   845                           	opt stack 0
   846                           GLOBAL	__end_of_FlashLED
   847  076A                     	__end_of_FlashLED:
   848 ;; =============== function _FlashLED ends ============
   849                           
   850                           	signat	_FlashLED,4216
   851                           psect	text91,local,class=CODE,delta=2
   852                           global __ptext91
   853  0000                     __ptext91:
   854                           	global	btemp
   855  007E                     	btemp set 07Eh
   856                           
   857                           	DABS	1,126,2	;btemp
   858                           	global	wtemp0
   859  007E                     	wtemp0 set btemp


HI-TECH Software PICC Macro Assembler V9.83 build 10920 
Symbol Table                                                                                   Fri Nov 17 19:52:59 2017

                  _RD 0CA8                    _WR 0CA9                   _GIE 005F                  l1150 07B6  
                l1151 07B6                  l1160 07FD                  l1152 07BB                  l1161 07DB  
                l1153 07C7                  l1170 0749                  l1154 07FE                  l1162 07E0  
                l1171 0769                  l1163 07E5                  l1155 07CC                  l1172 0769  
                l1164 07EA                  l1156 07CC                  l1165 07FF                  l1157 07D2  
                l1149 07B5                  l1166 07FF                  l1158 07EF                  l1175 0796  
                l1159 07D6                  l1169 0760                  l3500 0760                  l3510 078B  
                l3502 076A                  l3504 076C                  l3520 07A5                  l3512 0797  
                l3506 0775                  l3530 07B1                  l3522 07A8                  l3514 079D  
                l3508 0780                  l3540 07D2                  l3532 07B2                  l3524 07AA  
                l3516 079F                  l3550 07EA                  l3542 07D6                  l3534 07C0  
                l3526 07AD                  l3518 07A3                  l3552 07EE                  l3544 07DB  
                l3536 07C2                  l3528 07AF                  l3546 07E0                  l3554 07EF  
                l3538 07C7                  l3548 07E5                  l3494 0748                  l3496 074B  
                l3498 0754                  u2150 0768                  u2151 0767                  u2207 077B  
                u2160 07BB                  u2217 0786                  u2161 07BA                  u2170 07C0  
                u2227 0791                  u2171 07BF                  u2180 07D1                  u2237 074F  
                u2181 07D0                  u2247 075A                  u2197 0770                  _RCIF 008D  
                _WREN 0CAA                  _TXIF 008C                  _WPUA 020C                  _main 0797  
                btemp 007E                  start 0001                 ?_main 0070                 _EEADR 0191  
               _BRG16 0CFB                 _CARRY 0018                 _LATA2 0862                 _RCREG 0199  
               _RCSTA 019D                 _SPBRG 019B                 _PORTA 000C                 _TRISA 008C  
               _TXREG 019A                 _TXSTA 019E                 wtemp0 007E      __end_of_FlashLED 076A  
        __end_of_main 0800      __end_of_ErrorInd 0797                ??_main 0073                _EEDATA 0193  
              _EECON1 0195                _EECON2 0196                _ANSELA 018C                _OSCCON 0099  
              _nWPUEN 04AF        __pcstackCOMMON 0070             ?_FlashLED 0070             ?_ErrorInd 0070  
          __pmaintext 0797               _BAUDCON 019F            ??_FlashLED 0070               _RXDTSEL 08EF  
             _TXCKSEL 08EA            ??_ErrorInd 0070  end_of_initialization 0745             _RCSTAbits 019D  
           FlashLED@i 0072            main@RxData 0074   start_initialization 0745     __size_of_FlashLED 0023  
   __size_of_ErrorInd 002D              _FlashLED 0747              _ErrorInd 076A              __ptext90 0747  
            __ptext91 0000              __ptext88 0000              __ptext89 076A         __size_of_main 0069  
