

HI-TECH Software PIC LITE Macro Assembler V9.83 build 10920 
                                                                                               Sat Apr 29 15:37:52 2017

HI-TECH Software Omniscient Code Generator (Lite mode) build 10920
     1  0000                     opt subtitle "HI-TECH Software Omniscient Code Generator (Lite mode) build 10920"
     2                           
     3                           opt pagewidth 120
     4                           
     5                           	opt lm
     6                           
     7                           	processor	12LF1822
     8                           clrc	macro
     9                           	bcf	3,0
    10  0000                     	endm
    11                           clrz	macro
    12                           	bcf	3,2
    13  0000                     	endm
    14                           setc	macro
    15                           	bsf	3,0
    16  0000                     	endm
    17                           setz	macro
    18                           	bsf	3,2
    19  0000                     	endm
    20                           skipc	macro
    21                           	btfss	3,0
    22  0000                     	endm
    23                           skipz	macro
    24                           	btfss	3,2
    25  0000                     	endm
    26                           skipnc	macro
    27                           	btfsc	3,0
    28  0000                     	endm
    29                           skipnz	macro
    30                           	btfsc	3,2
    31  0000                     	endm
    32  0000                     indf	equ	0
    33  0000                     indf0	equ	0
    34  0001                     indf1	equ	1
    35  0002                     pc	equ	2
    36  0002                     pcl	equ	2
    37  0003                     status	equ	3
    38  0004                     fsr0l	equ	4
    39  0005                     fsr0h	equ	5
    40  0006                     fsr1l	equ	6
    41  0007                     fsr1h	equ	7
    42  0008                     bsr	equ	8
    43  0009                     wreg	equ	9
    44  000B                     intcon	equ	11
    45  0001                     c	equ	1
    46  0000                     z	equ	0
    47  000A                     pclath	equ	10
    48                           # 22 "C:\Users\igalab\Documents\ONOFF_12V\ONOFF_12V\onoff.c"
    49                           	psect config,class=CONFIG,delta=2 ;#
    50                           # 22 "C:\Users\igalab\Documents\ONOFF_12V\ONOFF_12V\onoff.c"
    51  8007  CF84               	dw 0xFFFF & 0xFFFC & 0xDFFF & 0xEFFF & 0xFFFF & 0xFFDF & 0xFFE7 & 0xFFBF & 0xFFFF & 0xF
                                 FFF ;#
    52                           # 29 "C:\Users\igalab\Documents\ONOFF_12V\ONOFF_12V\onoff.c"
    53                           	psect config,class=CONFIG,delta=2 ;#
    54                           # 29 "C:\Users\igalab\Documents\ONOFF_12V\ONOFF_12V\onoff.c"
    55  8008  DAFF               	dw 0xFEFF & 0xFFFF & 0xFFFF & 0xFBFF & 0xDFFF ;#
    56                           	FNCALL	_main,_init
    57                           	FNROOT	_main
    58                           	FNCALL	_InterReceiver,___wmul
    59                           	FNCALL	intlevel1,_InterReceiver
    60                           	global	intlevel1
    61                           	FNROOT	intlevel1
    62                           	global	InterReceiver@offtime
    63                           psect	idataBANK0,class=CODE,space=0,delta=2
    64                           global __pidataBANK0
    65  0172                     __pidataBANK0:
    66                           	file	"C:\Users\igalab\Documents\ONOFF_12V\ONOFF_12V\onoff.c"
    67                           	line	41
    68                           
    69                           ;initializer for InterReceiver@offtime
    70  0172  342C               	retlw	02Ch
    71  0173  3401               	retlw	01h
    72                           
    73                           	global	InterReceiver@counter
    74                           	global	InterReceiver@offtime_flg
    75                           	global	InterReceiver@rev_flg
    76                           	global	InterReceiver@flg
    77                           	global	InterReceiver@sec
    78                           	global	InterReceiver@now_offtime
    79                           	global	InterReceiver@now_sec
    80                           	global	_PORTA
    81  000C                     _PORTA	set	12
    82                           	global	_TMR0
    83  0015                     _TMR0	set	21
    84                           	global	_CARRY
    85  0018                     _CARRY	set	24
    86                           	global	_GIE
    87  005F                     _GIE	set	95
    88                           	global	_PEIE
    89  005E                     _PEIE	set	94
    90                           	global	_RA0
    91  0060                     _RA0	set	96
    92                           	global	_RA2
    93  0062                     _RA2	set	98
    94                           	global	_RCIF
    95  008D                     _RCIF	set	141
    96                           	global	_TMR0IE
    97  005D                     _TMR0IE	set	93
    98                           	global	_TMR0IF
    99  005A                     _TMR0IF	set	90
   100                           	global	_OPTION_REG
   101  0095                     _OPTION_REG	set	149
   102                           	global	_OSCCON
   103  0099                     _OSCCON	set	153
   104                           	global	_TRISA
   105  008C                     _TRISA	set	140
   106                           	global	_RCIE
   107  048D                     _RCIE	set	1165
   108                           	global	_RXDTSEL
   109  08EF                     _RXDTSEL	set	2287
   110                           	global	_TXCKSEL
   111  08EA                     _TXCKSEL	set	2282
   112                           	global	_EEADR
   113  0191                     _EEADR	set	401
   114                           	global	_ANSELA
   115  018C                     _ANSELA	set	396
   116                           	global	_EECON1
   117  0195                     _EECON1	set	405
   118                           	global	_EECON2
   119  0196                     _EECON2	set	406
   120                           	global	_EEDATA
   121  0193                     _EEDATA	set	403
   122                           	global	_RCREG
   123  0199                     _RCREG	set	409
   124                           	global	_RCSTA
   125  019D                     _RCSTA	set	413
   126                           	global	_SPBRG
   127  019B                     _SPBRG	set	411
   128                           	global	_TXSTA
   129  019E                     _TXSTA	set	414
   130                           	global	_BRG16
   131  0CFB                     _BRG16	set	3323
   132                           	global	_RD
   133  0CA8                     _RD	set	3240
   134                           	global	_WR
   135  0CA9                     _WR	set	3241
   136                           	global	_WREN
   137  0CAA                     _WREN	set	3242
   138                           	file	"C:\Users\igalab\AppData\Local\Temp\sgd4."
   139                           	line	#
   140                           psect cinit,class=CODE,delta=2
   141                           global start_initialization
   142  0154                     start_initialization:
   143                           
   144                           psect	bssCOMMON,class=COMMON,space=1
   145                           global __pbssCOMMON
   146  0079                     __pbssCOMMON:
   147  0079                     InterReceiver@flg:
   148  0079                            ds      2
   149                           
   150  007B                     InterReceiver@sec:
   151  007B                            ds      2
   152                           
   153                           psect	bssBANK0,class=BANK0,space=1
   154                           global __pbssBANK0
   155  0020                     __pbssBANK0:
   156  0020                     InterReceiver@counter:
   157  0020                            ds      2
   158                           
   159  0022                     InterReceiver@offtime_flg:
   160  0022                            ds      2
   161                           
   162  0024                     InterReceiver@rev_flg:
   163  0024                            ds      2
   164                           
   165  0026                     InterReceiver@now_offtime:
   166  0026                            ds      2
   167                           
   168  0028                     InterReceiver@now_sec:
   169  0028                            ds      2
   170                           
   171                           psect	dataBANK0,class=BANK0,space=1
   172                           global __pdataBANK0
   173  002A                     __pdataBANK0:
   174                           	file	"C:\Users\igalab\Documents\ONOFF_12V\ONOFF_12V\onoff.c"
   175  002A                     InterReceiver@offtime:
   176  002A                            ds      2
   177                           
   178                           ; Clear objects allocated to COMMON
   179                           psect cinit,class=CODE,delta=2
   180                           	global __pbssCOMMON
   181  0154  01F9               	clrf	((__pbssCOMMON)+0)&07Fh
   182  0155  01FA               	clrf	((__pbssCOMMON)+1)&07Fh
   183  0156  01FB               	clrf	((__pbssCOMMON)+2)&07Fh
   184  0157  01FC               	clrf	((__pbssCOMMON)+3)&07Fh
   185                           ; Clear objects allocated to BANK0
   186                           psect cinit,class=CODE,delta=2
   187                           	global __pbssBANK0
   188  0158  01A0               	clrf	((__pbssBANK0)+0)&07Fh
   189  0159  01A1               	clrf	((__pbssBANK0)+1)&07Fh
   190  015A  01A2               	clrf	((__pbssBANK0)+2)&07Fh
   191  015B  01A3               	clrf	((__pbssBANK0)+3)&07Fh
   192  015C  01A4               	clrf	((__pbssBANK0)+4)&07Fh
   193  015D  01A5               	clrf	((__pbssBANK0)+5)&07Fh
   194  015E  01A6               	clrf	((__pbssBANK0)+6)&07Fh
   195  015F  01A7               	clrf	((__pbssBANK0)+7)&07Fh
   196  0160  01A8               	clrf	((__pbssBANK0)+8)&07Fh
   197  0161  01A9               	clrf	((__pbssBANK0)+9)&07Fh
   198                           ; Initialize objects allocated to BANK0
   199                           	global __pidataBANK0,__pdataBANK0
   200                           psect cinit,class=CODE,delta=2
   201  0162  3181  2172  3181   	fcall	__pidataBANK0+0		;fetch initializer
   202  0165  00AA               	movwf	__pdataBANK0+0&07fh		
   203  0166  3181  2173  3181   	fcall	__pidataBANK0+1		;fetch initializer
   204  0169  00AB               	movwf	__pdataBANK0+1&07fh		
   205                           psect cinit,class=CODE,delta=2
   206                           global end_of_initialization
   207                           
   208                           ;End of C runtime variable initialization code
   209                           
   210  016A                     end_of_initialization:
   211  016A  0020               movlb 0
   212  016B  296C               ljmp _main	;jump to C main() function
   213                           psect	cstackCOMMON,class=COMMON,space=1
   214                           global __pcstackCOMMON
   215  0070                     __pcstackCOMMON:
   216                           	global	?_init
   217  0070                     ?_init:	; 0 bytes @ 0x0
   218                           	global	?_InterReceiver
   219  0070                     ?_InterReceiver:	; 0 bytes @ 0x0
   220                           	global	?_main
   221  0070                     ?_main:	; 0 bytes @ 0x0
   222                           	global	?___wmul
   223  0070                     ?___wmul:	; 2 bytes @ 0x0
   224                           	global	___wmul@multiplier
   225  0070                     ___wmul@multiplier:	; 2 bytes @ 0x0
   226  0070                     	ds	2
   227                           	global	___wmul@multiplicand
   228  0072                     ___wmul@multiplicand:	; 2 bytes @ 0x2
   229  0072                     	ds	2
   230                           	global	??___wmul
   231  0074                     ??___wmul:	; 0 bytes @ 0x4
   232                           	global	___wmul@product
   233  0074                     ___wmul@product:	; 2 bytes @ 0x4
   234  0074                     	ds	2
   235                           	global	??_InterReceiver
   236  0076                     ??_InterReceiver:	; 0 bytes @ 0x6
   237  0076                     	ds	3
   238                           psect	cstackBANK0,class=BANK0,space=1
   239                           global __pcstackBANK0
   240  0000                     __pcstackBANK0:
   241                           	global	??_init
   242  0000                     ??_init:	; 0 bytes @ 0x0
   243                           	global	??_main
   244  0000                     ??_main:	; 0 bytes @ 0x0
   245 ;;Data sizes: Strings 0, constant 0, data 2, bss 14, persistent 0 stack 0
   246 ;;Auto spaces:   Size  Autos    Used
   247 ;; COMMON          14      9      13
   248 ;; BANK0           80      0      12
   249 ;; BANK1           32      0       0
   250                           
   251 ;;
   252 ;; Pointer list with targets:
   253                           
   254 ;; ?___wmul	unsigned int  size(1) Largest target is 0
   255 ;;
   256                           
   257                           
   258 ;;
   259 ;; Critical Paths under _main in COMMON
   260 ;;
   261 ;;   None.
   262 ;;
   263 ;; Critical Paths under _InterReceiver in COMMON
   264 ;;
   265 ;;   _InterReceiver->___wmul
   266 ;;
   267 ;; Critical Paths under _main in BANK0
   268 ;;
   269 ;;   None.
   270 ;;
   271 ;; Critical Paths under _InterReceiver in BANK0
   272 ;;
   273 ;;   None.
   274 ;;
   275 ;; Critical Paths under _main in BANK1
   276 ;;
   277 ;;   None.
   278 ;;
   279 ;; Critical Paths under _InterReceiver in BANK1
   280 ;;
   281 ;;   None.
   282                           
   283 ;;
   284 ;;Main: autosize = 0, tempsize = 0, incstack = 0, save=0
   285 ;;
   286                           
   287 ;;
   288 ;;Call Graph Tables:
   289 ;;
   290 ;; ---------------------------------------------------------------------------------
   291 ;; (Depth) Function   	        Calls       Base Space   Used Autos Params    Refs
   292 ;; ---------------------------------------------------------------------------------
   293 ;; (0) _main                                                 0     0      0       0
   294 ;;                               _init
   295 ;; ---------------------------------------------------------------------------------
   296 ;; (1) _init                                                 0     0      0       0
   297 ;; ---------------------------------------------------------------------------------
   298 ;; Estimated maximum stack depth 1
   299 ;; ---------------------------------------------------------------------------------
   300 ;; (Depth) Function   	        Calls       Base Space   Used Autos Params    Refs
   301 ;; ---------------------------------------------------------------------------------
   302 ;; (2) _InterReceiver                                        3     3      0      92
   303 ;;                                              6 COMMON     3     3      0
   304 ;;                             ___wmul
   305 ;; ---------------------------------------------------------------------------------
   306 ;; (3) ___wmul                                               6     2      4      92
   307 ;;                                              0 COMMON     6     2      4
   308 ;; ---------------------------------------------------------------------------------
   309 ;; Estimated maximum stack depth 3
   310 ;; ---------------------------------------------------------------------------------
   311                           
   312 ;; Call Graph Graphs:
   313                           
   314 ;; _main (ROOT)
   315 ;;   _init
   316 ;;
   317 ;; _InterReceiver (ROOT)
   318 ;;   ___wmul
   319 ;;
   320                           
   321 ;; Address spaces:
   322                           
   323 ;;Name               Size   Autos  Total    Cost      Usage
   324 ;;BIGRAM              70      0       0       0        0.0%
   325 ;;EEDATA             100      0       0       0        0.0%
   326 ;;NULL                 0      0       0       0        0.0%
   327 ;;CODE                 0      0       0       0        0.0%
   328 ;;BITCOMMON            E      0       0       1        0.0%
   329 ;;BITSFR0              0      0       0       1        0.0%
   330 ;;SFR0                 0      0       0       1        0.0%
   331 ;;COMMON               E      9       D       2       92.9%
   332 ;;BITSFR1              0      0       0       2        0.0%
   333 ;;SFR1                 0      0       0       2        0.0%
   334 ;;BITSFR2              0      0       0       3        0.0%
   335 ;;SFR2                 0      0       0       3        0.0%
   336 ;;STACK                0      0       5       3        0.0%
   337 ;;BITSFR3              0      0       0       4        0.0%
   338 ;;SFR3                 0      0       0       4        0.0%
   339 ;;ABS                  0      0      19       4        0.0%
   340 ;;BITBANK0            50      0       0       5        0.0%
   341 ;;BITSFR4              0      0       0       5        0.0%
   342 ;;SFR4                 0      0       0       5        0.0%
   343 ;;BANK0               50      0       C       6       15.0%
   344 ;;BITSFR5              0      0       0       6        0.0%
   345 ;;SFR5                 0      0       0       6        0.0%
   346 ;;BITBANK1            20      0       0       7        0.0%
   347 ;;BITSFR6              0      0       0       7        0.0%
   348 ;;SFR6                 0      0       0       7        0.0%
   349 ;;BANK1               20      0       0       8        0.0%
   350 ;;BITSFR7              0      0       0       8        0.0%
   351 ;;SFR7                 0      0       0       8        0.0%
   352 ;;BITSFR8              0      0       0       9        0.0%
   353 ;;SFR8                 0      0       0       9        0.0%
   354 ;;DATA                 0      0      1E       9        0.0%
   355 ;;BITSFR9              0      0       0      10        0.0%
   356 ;;SFR9                 0      0       0      10        0.0%
   357 ;;BITSFR10             0      0       0      11        0.0%
   358 ;;SFR10                0      0       0      11        0.0%
   359 ;;BITSFR11             0      0       0      12        0.0%
   360 ;;SFR11                0      0       0      12        0.0%
   361 ;;BITSFR12             0      0       0      13        0.0%
   362 ;;SFR12                0      0       0      13        0.0%
   363 ;;BITSFR13             0      0       0      14        0.0%
   364 ;;SFR13                0      0       0      14        0.0%
   365 ;;BITSFR14             0      0       0      15        0.0%
   366 ;;SFR14                0      0       0      15        0.0%
   367 ;;BITSFR15             0      0       0      16        0.0%
   368 ;;SFR15                0      0       0      16        0.0%
   369 ;;BITSFR16             0      0       0      17        0.0%
   370 ;;SFR16                0      0       0      17        0.0%
   371 ;;BITSFR17             0      0       0      18        0.0%
   372 ;;SFR17                0      0       0      18        0.0%
   373 ;;BITSFR18             0      0       0      19        0.0%
   374 ;;SFR18                0      0       0      19        0.0%
   375 ;;BITSFR19             0      0       0      20        0.0%
   376 ;;SFR19                0      0       0      20        0.0%
   377 ;;BITSFR20             0      0       0      21        0.0%
   378 ;;SFR20                0      0       0      21        0.0%
   379 ;;BITSFR21             0      0       0      22        0.0%
   380 ;;SFR21                0      0       0      22        0.0%
   381 ;;BITSFR22             0      0       0      23        0.0%
   382 ;;SFR22                0      0       0      23        0.0%
   383 ;;BITSFR23             0      0       0      24        0.0%
   384 ;;SFR23                0      0       0      24        0.0%
   385 ;;BITSFR24             0      0       0      25        0.0%
   386 ;;SFR24                0      0       0      25        0.0%
   387 ;;BITSFR25             0      0       0      26        0.0%
   388 ;;SFR25                0      0       0      26        0.0%
   389 ;;BITSFR26             0      0       0      27        0.0%
   390 ;;SFR26                0      0       0      27        0.0%
   391 ;;BITSFR27             0      0       0      28        0.0%
   392 ;;SFR27                0      0       0      28        0.0%
   393 ;;BITSFR28             0      0       0      29        0.0%
   394 ;;SFR28                0      0       0      29        0.0%
   395 ;;BITSFR29             0      0       0      30        0.0%
   396 ;;SFR29                0      0       0      30        0.0%
   397 ;;BITSFR30             0      0       0      31        0.0%
   398 ;;SFR30                0      0       0      31        0.0%
   399 ;;BITSFR31             0      0       0      32        0.0%
   400 ;;SFR31                0      0       0      32        0.0%
   401                           
   402                           	global	_main
   403                           psect	maintext,global,class=CODE,delta=2
   404                           global __pmaintext
   405  016C                     __pmaintext:
   406                           
   407 ;; *************** function _main *****************
   408 ;; Defined at:
   409 ;;		line 106 in file "C:\Users\igalab\Documents\ONOFF_12V\ONOFF_12V\onoff.c"
   410 ;; Parameters:    Size  Location     Type
   411 ;;		None
   412 ;; Auto vars:     Size  Location     Type
   413 ;;		None
   414 ;; Return value:  Size  Location     Type
   415 ;;		None               void
   416 ;; Registers used:
   417 ;;		wreg, status,2, status,0, pclath, cstack
   418 ;; Tracked objects:
   419 ;;		On entry : 17F/0
   420 ;;		On exit  : 0/0
   421 ;;		Unchanged: 0/0
   422 ;; Data sizes:     COMMON   BANK0   BANK1
   423 ;;      Params:         0       0       0
   424 ;;      Locals:         0       0       0
   425 ;;      Temps:          0       0       0
   426 ;;      Totals:         0       0       0
   427 ;;Total ram usage:        0 bytes
   428 ;; Hardware stack levels required when called:    3
   429 ;; This function calls:
   430 ;;		_init
   431 ;; This function is called by:
   432 ;;		Startup code after reset
   433 ;; This function uses a non-reentrant model
   434 ;;
   435                           psect	maintext
   436                           	file	"C:\Users\igalab\Documents\ONOFF_12V\ONOFF_12V\onoff.c"
   437                           	line	106
   438                           	global	__size_of_main
   439  0006                     	__size_of_main	equ	__end_of_main-_main
   440                           	
   441  016C                     _main:	
   442                           	opt	stack 13
   443                           ; Regs used in _main: [wreg+status,2+status,0+pclath+cstack]
   444                           	line	109
   445                           	
   446  016C                     l3762:	
   447                           ;onoff.c: 109: init();
   448  016C  3181  210C  3181   	fcall	_init
   449  016F  2970               	goto	l1188
   450                           	line	110
   451                           ;onoff.c: 110: while (1) {
   452                           	
   453  0170                     l1187:	
   454                           	line	112
   455                           	
   456  0170                     l1188:	
   457                           	line	110
   458  0170  2970               	goto	l1188
   459                           	
   460  0171                     l1189:	
   461                           	line	113
   462                           	
   463  0171                     l1190:	
   464                           	global	start
   465  0171  290A               	ljmp	start
   466                           	opt stack 0
   467                           GLOBAL	__end_of_main
   468  0172                     	__end_of_main:
   469 ;; =============== function _main ends ============
   470                           
   471                           	signat	_main,88
   472                           	global	_init
   473                           psect	text124,local,class=CODE,delta=2
   474                           global __ptext124
   475  010C                     __ptext124:
   476                           
   477 ;; *************** function _init *****************
   478 ;; Defined at:
   479 ;;		line 115 in file "C:\Users\igalab\Documents\ONOFF_12V\ONOFF_12V\onoff.c"
   480 ;; Parameters:    Size  Location     Type
   481 ;;		None
   482 ;; Auto vars:     Size  Location     Type
   483 ;;		None
   484 ;; Return value:  Size  Location     Type
   485 ;;		None               void
   486 ;; Registers used:
   487 ;;		wreg, status,2
   488 ;; Tracked objects:
   489 ;;		On entry : 0/0
   490 ;;		On exit  : 0/0
   491 ;;		Unchanged: 0/0
   492 ;; Data sizes:     COMMON   BANK0   BANK1
   493 ;;      Params:         0       0       0
   494 ;;      Locals:         0       0       0
   495 ;;      Temps:          0       0       0
   496 ;;      Totals:         0       0       0
   497 ;;Total ram usage:        0 bytes
   498 ;; Hardware stack levels used:    1
   499 ;; Hardware stack levels required when called:    2
   500 ;; This function calls:
   501 ;;		Nothing
   502 ;; This function is called by:
   503 ;;		_main
   504 ;; This function uses a non-reentrant model
   505 ;;
   506                           psect	text124
   507                           	file	"C:\Users\igalab\Documents\ONOFF_12V\ONOFF_12V\onoff.c"
   508                           	line	115
   509                           	global	__size_of_init
   510  0024                     	__size_of_init	equ	__end_of_init-_init
   511                           	
   512  010C                     _init:	
   513                           	opt	stack 13
   514                           ; Regs used in _init: [wreg+status,2]
   515                           	line	116
   516                           	
   517  010C                     l3716:	
   518                           ;onoff.c: 116: OSCCON = 0b01011010 ;
   519  010C  305A               	movlw	(05Ah)
   520  010D  0021               	movlb 1	; select bank1
   521  010E  0099               	movwf	(153)^080h	;volatile
   522                           	line	117
   523                           	
   524  010F                     l3718:	
   525                           ;onoff.c: 117: ANSELA = 0b00000000 ;
   526  010F  0023               	movlb 3	; select bank3
   527  0110  018C               	clrf	(396)^0180h	;volatile
   528                           	line	118
   529                           	
   530  0111                     l3720:	
   531                           ;onoff.c: 118: TRISA = 0b00001001 ;
   532  0111  3009               	movlw	(09h)
   533  0112  0021               	movlb 1	; select bank1
   534  0113  008C               	movwf	(140)^080h	;volatile
   535                           	line	119
   536                           	
   537  0114                     l3722:	
   538                           ;onoff.c: 119: PORTA = 0b00000100 ;
   539  0114  3004               	movlw	(04h)
   540  0115  0020               	movlb 0	; select bank0
   541  0116  008C               	movwf	(12)	;volatile
   542                           	line	121
   543                           	
   544  0117                     l3724:	
   545                           ;onoff.c: 121: RXDTSEL = 1 ;
   546  0117  0022               	movlb 2	; select bank2
   547  0118  179D               	bsf	(2287/8)^0100h,(2287)&7
   548                           	line	122
   549                           	
   550  0119                     l3726:	
   551                           ;onoff.c: 122: TXCKSEL = 1 ;
   552  0119  151D               	bsf	(2282/8)^0100h,(2282)&7
   553                           	line	123
   554                           	
   555  011A                     l3728:	
   556                           ;onoff.c: 123: BRG16 = 1;
   557  011A  0023               	movlb 3	; select bank3
   558  011B  159F               	bsf	(3323/8)^0180h,(3323)&7
   559                           	line	124
   560                           	
   561  011C                     l3730:	
   562                           ;onoff.c: 124: TXSTA = 0b00100100 ;
   563  011C  3024               	movlw	(024h)
   564  011D  009E               	movwf	(414)^0180h	;volatile
   565                           	line	125
   566                           	
   567  011E                     l3732:	
   568                           ;onoff.c: 125: RCSTA = 0b10010000 ;
   569  011E  3090               	movlw	(090h)
   570  011F  009D               	movwf	(413)^0180h	;volatile
   571                           	line	126
   572                           	
   573  0120                     l3734:	
   574                           ;onoff.c: 126: SPBRG = 25 ;
   575  0120  3019               	movlw	(019h)
   576  0121  009B               	movwf	(411)^0180h	;volatile
   577                           	line	128
   578                           	
   579  0122                     l3736:	
   580                           ;onoff.c: 128: RCIF = 0 ;
   581  0122  0020               	movlb 0	; select bank0
   582  0123  1291               	bcf	(141/8),(141)&7
   583                           	line	131
   584                           ;onoff.c: 131: OPTION_REG = 0b00000000;
   585  0124  0021               	movlb 1	; select bank1
   586  0125  0195               	clrf	(149)^080h	;volatile
   587                           	line	132
   588                           	
   589  0126                     l3738:	
   590                           ;onoff.c: 132: TMR0 = 141;
   591  0126  308D               	movlw	(08Dh)
   592  0127  0020               	movlb 0	; select bank0
   593  0128  0095               	movwf	(21)	;volatile
   594                           	line	133
   595                           	
   596  0129                     l3740:	
   597                           ;onoff.c: 133: TMR0IF = 0;
   598  0129  110B               	bcf	(90/8),(90)&7
   599                           	line	137
   600                           	
   601  012A                     l3742:	
   602                           ;onoff.c: 137: RCIE = 1 ;
   603  012A  0021               	movlb 1	; select bank1
   604  012B  1691               	bsf	(1165/8)^080h,(1165)&7
   605                           	line	138
   606                           	
   607  012C                     l3744:	
   608                           ;onoff.c: 138: TMR0IE = 1;
   609  012C  168B               	bsf	(93/8),(93)&7
   610                           	line	139
   611                           	
   612  012D                     l3746:	
   613                           ;onoff.c: 139: PEIE = 1 ;
   614  012D  170B               	bsf	(94/8),(94)&7
   615                           	line	140
   616                           	
   617  012E                     l3748:	
   618                           ;onoff.c: 140: GIE = 1 ;
   619  012E  178B               	bsf	(95/8),(95)&7
   620                           	line	141
   621                           	
   622  012F                     l1193:	
   623  012F  0008               	return
   624                           	opt stack 0
   625                           GLOBAL	__end_of_init
   626  0130                     	__end_of_init:
   627 ;; =============== function _init ends ============
   628                           
   629                           	signat	_init,88
   630                           	global	_InterReceiver
   631                           psect	intentry,class=CODE,delta=2
   632                           global __pintentry
   633  0004                     __pintentry:
   634                           
   635 ;; *************** function _InterReceiver *****************
   636 ;; Defined at:
   637 ;;		line 34 in file "C:\Users\igalab\Documents\ONOFF_12V\ONOFF_12V\onoff.c"
   638 ;; Parameters:    Size  Location     Type
   639 ;;		None
   640 ;; Auto vars:     Size  Location     Type
   641 ;;		None
   642 ;; Return value:  Size  Location     Type
   643 ;;		None               void
   644 ;; Registers used:
   645 ;;		wreg, status,2, status,0, btemp+1, pclath, cstack
   646 ;; Tracked objects:
   647 ;;		On entry : 0/0
   648 ;;		On exit  : 0/0
   649 ;;		Unchanged: 0/0
   650 ;; Data sizes:     COMMON   BANK0   BANK1
   651 ;;      Params:         0       0       0
   652 ;;      Locals:         0       0       0
   653 ;;      Temps:          3       0       0
   654 ;;      Totals:         3       0       0
   655 ;;Total ram usage:        3 bytes
   656 ;; Hardware stack levels used:    1
   657 ;; Hardware stack levels required when called:    1
   658 ;; This function calls:
   659 ;;		___wmul
   660 ;; This function is called by:
   661 ;;		Interrupt level 1
   662 ;; This function uses a non-reentrant model
   663 ;;
   664                           psect	intentry
   665                           	file	"C:\Users\igalab\Documents\ONOFF_12V\ONOFF_12V\onoff.c"
   666                           	line	34
   667                           	global	__size_of_InterReceiver
   668  0106                     	__size_of_InterReceiver	equ	__end_of_InterReceiver-_InterReceiver
   669                           	
   670  0004                     _InterReceiver:	
   671                           	opt	stack 13
   672                           ; Regs used in _InterReceiver: [wreg+status,2+status,0+btemp+1+pclath+cstack]
   673                           psect	intentry
   674  0004  3180               	pagesel	$
   675  0005  0020               	movlb 0	; select bank0
   676  0006  087F               	movf	btemp+1,w
   677  0007  00F8               	movwf	(??_InterReceiver+2)
   678                           	line	48
   679                           	
   680  0008                     i1l3650:	
   681                           ;onoff.c: 35: static int counter = 0;
   682                           ;onoff.c: 36: static int sec = 0;
   683                           ;onoff.c: 37: static int flg = 0;
   684                           ;onoff.c: 38: static int rev_flg = 0;
   685                           ;onoff.c: 39: static int now_sec = 0;
   686                           ;onoff.c: 41: static int offtime = 300;
   687                           ;onoff.c: 42: static int offtime_flg = 0;
   688                           ;onoff.c: 43: static int now_offtime = 0;
   689                           ;onoff.c: 48: if (RCIF == 1) {
   690  0008  1E91               	btfss	(141/8),(141)&7
   691  0009  280B               	goto	u230_21
   692  000A  280C               	goto	u230_20
   693  000B                     u230_21:
   694  000B  28A8               	goto	i1l3688
   695  000C                     u230_20:
   696                           	line	49
   697                           	
   698  000C                     i1l3652:	
   699                           ;onoff.c: 49: if ( RCREG == '$') {
   700  000C  0023               	movlb 3	; select bank3
   701  000D  0819               	movf	(409)^0180h,w	;volatile
   702  000E  3A24               	xorlw	024h&0ffh
   703  000F  1D03               	skipz
   704  0010  2812               	goto	u231_21
   705  0011  2813               	goto	u231_20
   706  0012                     u231_21:
   707  0012  2828               	goto	i1l3662
   708  0013                     u231_20:
   709                           	line	50
   710                           	
   711  0013                     i1l3654:	
   712                           ;onoff.c: 50: sec = now_sec;
   713  0013  0020               	movlb 0	; select bank0
   714  0014  0829               	movf	(InterReceiver@now_sec+1),w
   715  0015  01FC               	clrf	(InterReceiver@sec+1)
   716  0016  07FC               	addwf	(InterReceiver@sec+1)
   717  0017  0828               	movf	(InterReceiver@now_sec),w
   718  0018  01FB               	clrf	(InterReceiver@sec)
   719  0019  07FB               	addwf	(InterReceiver@sec)
   720                           
   721                           	line	51
   722                           	
   723  001A                     i1l3656:	
   724                           ;onoff.c: 51: now_sec = 0;
   725  001A  01A8               	clrf	(InterReceiver@now_sec)
   726  001B  01A9               	clrf	(InterReceiver@now_sec+1)
   727                           	line	52
   728                           	
   729  001C                     i1l3658:	
   730                           ;onoff.c: 52: offtime = now_offtime;
   731  001C  0827               	movf	(InterReceiver@now_offtime+1),w
   732  001D  01AB               	clrf	(InterReceiver@offtime+1)
   733  001E  07AB               	addwf	(InterReceiver@offtime+1)
   734  001F  0826               	movf	(InterReceiver@now_offtime),w
   735  0020  01AA               	clrf	(InterReceiver@offtime)
   736  0021  07AA               	addwf	(InterReceiver@offtime)
   737                           
   738                           	line	53
   739                           ;onoff.c: 53: now_offtime = 0;
   740  0022  01A6               	clrf	(InterReceiver@now_offtime)
   741  0023  01A7               	clrf	(InterReceiver@now_offtime+1)
   742                           	line	54
   743                           ;onoff.c: 54: flg = 0;
   744  0024  01F9               	clrf	(InterReceiver@flg)
   745  0025  01FA               	clrf	(InterReceiver@flg+1)
   746                           	line	55
   747                           	
   748  0026                     i1l3660:	
   749                           ;onoff.c: 55: RA2 = 1;
   750  0026  150C               	bsf	(98/8),(98)&7
   751                           	line	56
   752                           ;onoff.c: 56: }
   753  0027  28A6               	goto	i1l3686
   754                           	line	57
   755                           	
   756  0028                     i1l1162:	
   757                           	
   758  0028                     i1l3662:	
   759                           ;onoff.c: 57: else if ( RCREG == '_') {
   760  0028  0023               	movlb 3	; select bank3
   761  0029  0819               	movf	(409)^0180h,w	;volatile
   762  002A  3A5F               	xorlw	05Fh&0ffh
   763  002B  1D03               	skipz
   764  002C  282E               	goto	u232_21
   765  002D  282F               	goto	u232_20
   766  002E                     u232_21:
   767  002E  2835               	goto	i1l3666
   768  002F                     u232_20:
   769                           	line	58
   770                           	
   771  002F                     i1l3664:	
   772                           ;onoff.c: 58: rev_flg = 1;
   773  002F  3001               	movlw	low(01h)
   774  0030  0020               	movlb 0	; select bank0
   775  0031  00A4               	movwf	(InterReceiver@rev_flg)
   776  0032  3000               	movlw	high(01h)
   777  0033  00A5               	movwf	((InterReceiver@rev_flg))+1
   778                           	line	59
   779                           ;onoff.c: 59: }
   780  0034  28A6               	goto	i1l3686
   781                           	line	60
   782                           	
   783  0035                     i1l1164:	
   784                           	
   785  0035                     i1l3666:	
   786                           ;onoff.c: 60: else if ( RCREG == '|') {
   787  0035  0023               	movlb 3	; select bank3
   788  0036  0819               	movf	(409)^0180h,w	;volatile
   789  0037  3A7C               	xorlw	07Ch&0ffh
   790  0038  1D03               	skipz
   791  0039  283B               	goto	u233_21
   792  003A  283C               	goto	u233_20
   793  003B                     u233_21:
   794  003B  2840               	goto	i1l3670
   795  003C                     u233_20:
   796                           	line	61
   797                           	
   798  003C                     i1l3668:	
   799                           ;onoff.c: 61: rev_flg = 0;
   800  003C  0020               	movlb 0	; select bank0
   801  003D  01A4               	clrf	(InterReceiver@rev_flg)
   802  003E  01A5               	clrf	(InterReceiver@rev_flg+1)
   803                           	line	62
   804                           ;onoff.c: 62: }
   805  003F  28A6               	goto	i1l3686
   806                           	line	63
   807                           	
   808  0040                     i1l1166:	
   809                           	
   810  0040                     i1l3670:	
   811                           ;onoff.c: 63: else if (rev_flg) {
   812  0040  0020               	movlb 0	; select bank0
   813  0041  0825               	movf	(InterReceiver@rev_flg+1),w
   814  0042  0424               	iorwf	(InterReceiver@rev_flg),w
   815  0043  1903               	skipnz
   816  0044  2846               	goto	u234_21
   817  0045  2847               	goto	u234_20
   818  0046                     u234_21:
   819  0046  2864               	goto	i1l3674
   820  0047                     u234_20:
   821                           	line	64
   822                           	
   823  0047                     i1l3672:	
   824                           ;onoff.c: 64: now_sec = now_sec * 10 + (RCREG - '0');
   825  0047  0829               	movf	(InterReceiver@now_sec+1),w
   826  0048  01F1               	clrf	(?___wmul+1)
   827  0049  07F1               	addwf	(?___wmul+1)
   828  004A  0828               	movf	(InterReceiver@now_sec),w
   829  004B  01F0               	clrf	(?___wmul)
   830  004C  07F0               	addwf	(?___wmul)
   831                           
   832  004D  300A               	movlw	low(0Ah)
   833  004E  00F2               	movwf	0+(?___wmul)+02h
   834  004F  3000               	movlw	high(0Ah)
   835  0050  00F3               	movwf	(0+(?___wmul)+02h)+1
   836  0051  3181  2130  3180   	fcall	___wmul
   837  0054  0023               	movlb 3	; select bank3
   838  0055  0819               	movf	(409)^0180h,w	;volatile
   839  0056  0770               	addwf	(0+(?___wmul)),w
   840  0057  00F6               	movwf	(??_InterReceiver+0)+0
   841  0058  0871               	movf	(1+(?___wmul)),w
   842  0059  1803               	skipnc
   843  005A  0A71               	incf	(1+(?___wmul)),w
   844  005B  00F7               	movwf	((??_InterReceiver+0)+0)+1
   845  005C  0876               	movf	0+(??_InterReceiver+0)+0,w
   846  005D  3ED0               	addlw	low(0FFD0h)
   847  005E  0020               	movlb 0	; select bank0
   848  005F  00A8               	movwf	(InterReceiver@now_sec)
   849  0060  30FF               	movlw	high(0FFD0h)
   850  0061  3D77               	addwfc	1+(??_InterReceiver+0)+0,w
   851  0062  00A9               	movwf	1+(InterReceiver@now_sec)
   852                           	line	65
   853                           ;onoff.c: 65: }
   854  0063  28A6               	goto	i1l3686
   855                           	line	67
   856                           	
   857  0064                     i1l1168:	
   858                           	
   859  0064                     i1l3674:	
   860                           ;onoff.c: 67: else if ( RCREG == '(') {
   861  0064  0023               	movlb 3	; select bank3
   862  0065  0819               	movf	(409)^0180h,w	;volatile
   863  0066  3A28               	xorlw	028h&0ffh
   864  0067  1D03               	skipz
   865  0068  286A               	goto	u235_21
   866  0069  286B               	goto	u235_20
   867  006A                     u235_21:
   868  006A  2871               	goto	i1l3678
   869  006B                     u235_20:
   870                           	line	68
   871                           	
   872  006B                     i1l3676:	
   873                           ;onoff.c: 68: offtime_flg = 1;
   874  006B  3001               	movlw	low(01h)
   875  006C  0020               	movlb 0	; select bank0
   876  006D  00A2               	movwf	(InterReceiver@offtime_flg)
   877  006E  3000               	movlw	high(01h)
   878  006F  00A3               	movwf	((InterReceiver@offtime_flg))+1
   879                           	line	69
   880                           ;onoff.c: 69: }
   881  0070  28A6               	goto	i1l3686
   882                           	line	70
   883                           	
   884  0071                     i1l1170:	
   885                           	
   886  0071                     i1l3678:	
   887                           ;onoff.c: 70: else if ( RCREG == ')') {
   888  0071  0023               	movlb 3	; select bank3
   889  0072  0819               	movf	(409)^0180h,w	;volatile
   890  0073  3A29               	xorlw	029h&0ffh
   891  0074  1D03               	skipz
   892  0075  2877               	goto	u236_21
   893  0076  2878               	goto	u236_20
   894  0077                     u236_21:
   895  0077  287C               	goto	i1l3682
   896  0078                     u236_20:
   897                           	line	71
   898                           	
   899  0078                     i1l3680:	
   900                           ;onoff.c: 71: offtime_flg = 0;
   901  0078  0020               	movlb 0	; select bank0
   902  0079  01A2               	clrf	(InterReceiver@offtime_flg)
   903  007A  01A3               	clrf	(InterReceiver@offtime_flg+1)
   904                           	line	72
   905                           ;onoff.c: 72: }
   906  007B  28A6               	goto	i1l3686
   907                           	line	73
   908                           	
   909  007C                     i1l1172:	
   910                           	
   911  007C                     i1l3682:	
   912                           ;onoff.c: 73: else if (offtime_flg) {
   913  007C  0020               	movlb 0	; select bank0
   914  007D  0823               	movf	(InterReceiver@offtime_flg+1),w
   915  007E  0422               	iorwf	(InterReceiver@offtime_flg),w
   916  007F  1903               	skipnz
   917  0080  2882               	goto	u237_21
   918  0081  2883               	goto	u237_20
   919  0082                     u237_21:
   920  0082  28A6               	goto	i1l3686
   921  0083                     u237_20:
   922                           	line	74
   923                           	
   924  0083                     i1l3684:	
   925                           ;onoff.c: 74: now_offtime = now_offtime * 10 + (RCREG - '0');
   926  0083  0827               	movf	(InterReceiver@now_offtime+1),w
   927  0084  01F1               	clrf	(?___wmul+1)
   928  0085  07F1               	addwf	(?___wmul+1)
   929  0086  0826               	movf	(InterReceiver@now_offtime),w
   930  0087  01F0               	clrf	(?___wmul)
   931  0088  07F0               	addwf	(?___wmul)
   932                           
   933  0089  300A               	movlw	low(0Ah)
   934  008A  00F2               	movwf	0+(?___wmul)+02h
   935  008B  3000               	movlw	high(0Ah)
   936  008C  00F3               	movwf	(0+(?___wmul)+02h)+1
   937  008D  3181  2130  3180   	fcall	___wmul
   938  0090  0023               	movlb 3	; select bank3
   939  0091  0819               	movf	(409)^0180h,w	;volatile
   940  0092  0770               	addwf	(0+(?___wmul)),w
   941  0093  00F6               	movwf	(??_InterReceiver+0)+0
   942  0094  0871               	movf	(1+(?___wmul)),w
   943  0095  1803               	skipnc
   944  0096  0A71               	incf	(1+(?___wmul)),w
   945  0097  00F7               	movwf	((??_InterReceiver+0)+0)+1
   946  0098  0876               	movf	0+(??_InterReceiver+0)+0,w
   947  0099  3ED0               	addlw	low(0FFD0h)
   948  009A  0020               	movlb 0	; select bank0
   949  009B  00A6               	movwf	(InterReceiver@now_offtime)
   950  009C  30FF               	movlw	high(0FFD0h)
   951  009D  3D77               	addwfc	1+(??_InterReceiver+0)+0,w
   952  009E  00A7               	movwf	1+(InterReceiver@now_offtime)
   953  009F  28A6               	goto	i1l3686
   954                           	line	75
   955                           	
   956  00A0                     i1l1174:	
   957  00A0  28A6               	goto	i1l3686
   958                           	line	76
   959                           	
   960  00A1                     i1l1173:	
   961  00A1  28A6               	goto	i1l3686
   962                           	
   963  00A2                     i1l1171:	
   964  00A2  28A6               	goto	i1l3686
   965                           	
   966  00A3                     i1l1169:	
   967  00A3  28A6               	goto	i1l3686
   968                           	
   969  00A4                     i1l1167:	
   970  00A4  28A6               	goto	i1l3686
   971                           	
   972  00A5                     i1l1165:	
   973  00A5  28A6               	goto	i1l3686
   974                           	
   975  00A6                     i1l1163:	
   976                           	
   977  00A6                     i1l3686:	
   978                           ;onoff.c: 75: }
   979                           ;onoff.c: 76: RCIF = 0;
   980  00A6  1291               	bcf	(141/8),(141)&7
   981  00A7  28A8               	goto	i1l3688
   982                           	line	77
   983                           	
   984  00A8                     i1l1161:	
   985                           	line	79
   986                           	
   987  00A8                     i1l3688:	
   988                           ;onoff.c: 77: }
   989                           ;onoff.c: 79: if (TMR0IF == 1) {
   990  00A8  1D0B               	btfss	(90/8),(90)&7
   991  00A9  28AB               	goto	u238_21
   992  00AA  28AC               	goto	u238_20
   993  00AB                     u238_21:
   994  00AB  2906               	goto	i1l1184
   995  00AC                     u238_20:
   996                           	line	80
   997                           	
   998  00AC                     i1l3690:	
   999                           ;onoff.c: 80: TMR0IF = 0 ;
  1000  00AC  110B               	bcf	(90/8),(90)&7
  1001                           	line	81
  1002                           	
  1003  00AD                     i1l3692:	
  1004                           ;onoff.c: 81: TMR0 = 141;
  1005  00AD  308D               	movlw	(08Dh)
  1006  00AE  0095               	movwf	(21)	;volatile
  1007                           	line	82
  1008                           	
  1009  00AF                     i1l3694:	
  1010                           ;onoff.c: 82: if (++counter >= 1000) {
  1011  00AF  3001               	movlw	low(01h)
  1012  00B0  07A0               	addwf	(InterReceiver@counter),f
  1013  00B1  3000               	movlw	high(01h)
  1014  00B2  3DA1               	addwfc	(InterReceiver@counter+1),f
  1015  00B3  0821               	movf	((InterReceiver@counter+1)),w
  1016  00B4  3A80               	xorlw	80h
  1017  00B5  00FF               	movwf	btemp+1
  1018  00B6  3083               	movlw	(high(03E8h))^80h
  1019  00B7  027F               	subwf	btemp+1,w
  1020  00B8  1D03               	skipz
  1021  00B9  28BC               	goto	u239_25
  1022  00BA  30E8               	movlw	low(03E8h)
  1023  00BB  0220               	subwf	((InterReceiver@counter)),w
  1024  00BC                     u239_25:
  1025                           
  1026  00BC  1C03               	skipc
  1027  00BD  28BF               	goto	u239_21
  1028  00BE  28C0               	goto	u239_20
  1029  00BF                     u239_21:
  1030  00BF  2906               	goto	i1l1184
  1031  00C0                     u239_20:
  1032                           	line	83
  1033                           	
  1034  00C0                     i1l3696:	
  1035                           ;onoff.c: 83: counter = 0;
  1036  00C0  0020               	movlb 0	; select bank0
  1037  00C1  01A0               	clrf	(InterReceiver@counter)
  1038  00C2  01A1               	clrf	(InterReceiver@counter+1)
  1039                           	line	84
  1040                           	
  1041  00C3                     i1l3698:	
  1042                           ;onoff.c: 84: sec++;
  1043  00C3  3001               	movlw	low(01h)
  1044  00C4  07FB               	addwf	(InterReceiver@sec),f
  1045  00C5  3000               	movlw	high(01h)
  1046  00C6  3DFC               	addwfc	(InterReceiver@sec+1),f
  1047                           	line	85
  1048                           	
  1049  00C7                     i1l3700:	
  1050                           ;onoff.c: 85: if (flg == 0) {
  1051  00C7  087A               	movf	((InterReceiver@flg+1)),w
  1052  00C8  0479               	iorwf	((InterReceiver@flg)),w
  1053  00C9  1D03               	skipz
  1054  00CA  28CC               	goto	u240_21
  1055  00CB  28CD               	goto	u240_20
  1056  00CC                     u240_21:
  1057  00CC  28E8               	goto	i1l3708
  1058  00CD                     u240_20:
  1059                           	line	87
  1060                           	
  1061  00CD                     i1l3702:	
  1062                           ;onoff.c: 87: if (sec >= offtime || RA0 == 1) {
  1063  00CD  087C               	movf	(InterReceiver@sec+1),w
  1064  00CE  3A80               	xorlw	80h
  1065  00CF  00F6               	movwf	(??_InterReceiver+0)+0
  1066  00D0  082B               	movf	(InterReceiver@offtime+1),w
  1067  00D1  3A80               	xorlw	80h
  1068  00D2  0276               	subwf	(??_InterReceiver+0)+0,w
  1069  00D3  1D03               	skipz
  1070  00D4  28D7               	goto	u241_25
  1071  00D5  082A               	movf	(InterReceiver@offtime),w
  1072  00D6  027B               	subwf	(InterReceiver@sec),w
  1073  00D7                     u241_25:
  1074                           
  1075  00D7  1803               	skipnc
  1076  00D8  28DA               	goto	u241_21
  1077  00D9  28DB               	goto	u241_20
  1078  00DA                     u241_21:
  1079  00DA  28E0               	goto	i1l1180
  1080  00DB                     u241_20:
  1081                           	
  1082  00DB                     i1l3704:	
  1083  00DB  0020               	movlb 0	; select bank0
  1084  00DC  1C0C               	btfss	(96/8),(96)&7
  1085  00DD  28DF               	goto	u242_21
  1086  00DE  28E0               	goto	u242_20
  1087  00DF                     u242_21:
  1088  00DF  2906               	goto	i1l1184
  1089  00E0                     u242_20:
  1090                           	
  1091  00E0                     i1l1180:	
  1092                           	line	88
  1093                           ;onoff.c: 88: RA2 = 0;
  1094  00E0  0020               	movlb 0	; select bank0
  1095  00E1  110C               	bcf	(98/8),(98)&7
  1096                           	line	89
  1097                           	
  1098  00E2                     i1l3706:	
  1099                           ;onoff.c: 89: flg = 1;
  1100  00E2  3001               	movlw	low(01h)
  1101  00E3  00F9               	movwf	(InterReceiver@flg)
  1102  00E4  3000               	movlw	high(01h)
  1103  00E5  00FA               	movwf	((InterReceiver@flg))+1
  1104  00E6  2906               	goto	i1l1184
  1105                           	line	90
  1106                           	
  1107  00E7                     i1l1178:	
  1108                           	line	92
  1109                           ;onoff.c: 90: }
  1110                           ;onoff.c: 92: } else if(flg){
  1111  00E7  2906               	goto	i1l1184
  1112                           	
  1113  00E8                     i1l1177:	
  1114                           	
  1115  00E8                     i1l3708:	
  1116  00E8  087A               	movf	(InterReceiver@flg+1),w
  1117  00E9  0479               	iorwf	(InterReceiver@flg),w
  1118  00EA  1903               	skipnz
  1119  00EB  28ED               	goto	u243_21
  1120  00EC  28EE               	goto	u243_20
  1121  00ED                     u243_21:
  1122  00ED  2906               	goto	i1l1184
  1123  00EE                     u243_20:
  1124                           	line	93
  1125                           	
  1126  00EE                     i1l3710:	
  1127                           ;onoff.c: 93: if (sec >= 3600) {
  1128  00EE  087C               	movf	(InterReceiver@sec+1),w
  1129  00EF  3A80               	xorlw	80h
  1130  00F0  00FF               	movwf	btemp+1
  1131  00F1  308E               	movlw	(high(0E10h))^80h
  1132  00F2  027F               	subwf	btemp+1,w
  1133  00F3  1D03               	skipz
  1134  00F4  28F7               	goto	u244_25
  1135  00F5  3010               	movlw	low(0E10h)
  1136  00F6  027B               	subwf	(InterReceiver@sec),w
  1137  00F7                     u244_25:
  1138                           
  1139  00F7  1C03               	skipc
  1140  00F8  28FA               	goto	u244_21
  1141  00F9  28FB               	goto	u244_20
  1142  00FA                     u244_21:
  1143  00FA  2906               	goto	i1l1184
  1144  00FB                     u244_20:
  1145                           	line	94
  1146                           	
  1147  00FB                     i1l3712:	
  1148                           ;onoff.c: 94: RA2 = 1;
  1149  00FB  0020               	movlb 0	; select bank0
  1150  00FC  150C               	bsf	(98/8),(98)&7
  1151                           	line	95
  1152                           	
  1153  00FD                     i1l3714:	
  1154                           ;onoff.c: 95: sec = 0;
  1155  00FD  01FB               	clrf	(InterReceiver@sec)
  1156  00FE  01FC               	clrf	(InterReceiver@sec+1)
  1157                           	line	96
  1158                           ;onoff.c: 96: flg = 0;
  1159  00FF  01F9               	clrf	(InterReceiver@flg)
  1160  0100  01FA               	clrf	(InterReceiver@flg+1)
  1161  0101  2906               	goto	i1l1184
  1162                           	line	97
  1163                           	
  1164  0102                     i1l1183:	
  1165  0102  2906               	goto	i1l1184
  1166                           	line	98
  1167                           	
  1168  0103                     i1l1182:	
  1169  0103  2906               	goto	i1l1184
  1170                           	line	99
  1171                           	
  1172  0104                     i1l1181:	
  1173  0104  2906               	goto	i1l1184
  1174                           	
  1175  0105                     i1l1176:	
  1176  0105  2906               	goto	i1l1184
  1177                           	line	100
  1178                           	
  1179  0106                     i1l1175:	
  1180                           	line	101
  1181                           	
  1182  0106                     i1l1184:	
  1183  0106  0878               	movf	(??_InterReceiver+2),w
  1184  0107  0020               	movlb 0	; select bank0
  1185  0108  00FF               	movwf	btemp+1
  1186  0109  0009               	retfie
  1187                           	opt stack 0
  1188                           GLOBAL	__end_of_InterReceiver
  1189  010A                     	__end_of_InterReceiver:
  1190 ;; =============== function _InterReceiver ends ============
  1191                           
  1192                           	signat	_InterReceiver,88
  1193                           	global	___wmul
  1194                           psect	text126,local,class=CODE,delta=2
  1195                           global __ptext126
  1196  0130                     __ptext126:
  1197                           
  1198 ;; *************** function ___wmul *****************
  1199 ;; Defined at:
  1200 ;;		line 3 in file "C:\Program Files (x86)\HI-TECH Software\PICC\9.83\sources\wmul.c"
  1201 ;; Parameters:    Size  Location     Type
  1202 ;;  multiplier      2    0[COMMON] unsigned int 
  1203 ;;  multiplicand    2    2[COMMON] unsigned int 
  1204 ;; Auto vars:     Size  Location     Type
  1205 ;;  product         2    4[COMMON] unsigned int 
  1206 ;; Return value:  Size  Location     Type
  1207 ;;                  2    0[COMMON] unsigned int 
  1208 ;; Registers used:
  1209 ;;		wreg, status,2, status,0
  1210 ;; Tracked objects:
  1211 ;;		On entry : 0/0
  1212 ;;		On exit  : 0/0
  1213 ;;		Unchanged: 0/0
  1214 ;; Data sizes:     COMMON   BANK0   BANK1
  1215 ;;      Params:         4       0       0
  1216 ;;      Locals:         2       0       0
  1217 ;;      Temps:          0       0       0
  1218 ;;      Totals:         6       0       0
  1219 ;;Total ram usage:        6 bytes
  1220 ;; Hardware stack levels used:    1
  1221 ;; This function calls:
  1222 ;;		Nothing
  1223 ;; This function is called by:
  1224 ;;		_InterReceiver
  1225 ;; This function uses a non-reentrant model
  1226 ;;
  1227                           psect	text126
  1228                           	file	"C:\Program Files (x86)\HI-TECH Software\PICC\9.83\sources\wmul.c"
  1229                           	line	3
  1230                           	global	__size_of___wmul
  1231  0024                     	__size_of___wmul	equ	__end_of___wmul-___wmul
  1232                           	
  1233  0130                     ___wmul:	
  1234                           	opt	stack 13
  1235                           ; Regs used in ___wmul: [wreg+status,2+status,0]
  1236                           	line	4
  1237                           	
  1238  0130                     i1l3750:	
  1239  0130  01F4               	clrf	(___wmul@product)
  1240  0131  01F5               	clrf	(___wmul@product+1)
  1241  0132  2933               	goto	i1l3752
  1242                           	line	6
  1243                           	
  1244  0133                     i1l2278:	
  1245                           	line	7
  1246                           	
  1247  0133                     i1l3752:	
  1248  0133  1C70               	btfss	(___wmul@multiplier),(0)&7
  1249  0134  2936               	goto	u245_21
  1250  0135  2937               	goto	u245_20
  1251  0136                     u245_21:
  1252  0136  293B               	goto	i1l2279
  1253  0137                     u245_20:
  1254                           	line	8
  1255                           	
  1256  0137                     i1l3754:	
  1257  0137  0872               	movf	(___wmul@multiplicand),w
  1258  0138  07F4               	addwf	(___wmul@product),f
  1259  0139  0873               	movf	(___wmul@multiplicand+1),w
  1260  013A  3DF5               	addwfc	(___wmul@product+1),f
  1261                           	
  1262  013B                     i1l2279:	
  1263                           	line	9
  1264  013B  3001               	movlw	01h
  1265                           	
  1266  013C                     u246_25:
  1267  013C  35F2               	lslf	(___wmul@multiplicand),f
  1268  013D  0DF3               	rlf	(___wmul@multiplicand+1),f
  1269  013E  0B89               	decfsz	wreg,f
  1270  013F  293C               	goto	u246_25
  1271                           	line	10
  1272                           	
  1273  0140                     i1l3756:	
  1274  0140  3001               	movlw	01h
  1275                           	
  1276  0141                     u247_25:
  1277  0141  36F1               	lsrf	(___wmul@multiplier+1),f
  1278  0142  0CF0               	rrf	(___wmul@multiplier),f
  1279  0143  0B89               	decfsz	wreg,f
  1280  0144  2941               	goto	u247_25
  1281                           	line	11
  1282  0145  0871               	movf	((___wmul@multiplier+1)),w
  1283  0146  0470               	iorwf	((___wmul@multiplier)),w
  1284  0147  1D03               	skipz
  1285  0148  294A               	goto	u248_21
  1286  0149  294B               	goto	u248_20
  1287  014A                     u248_21:
  1288  014A  2933               	goto	i1l3752
  1289  014B                     u248_20:
  1290  014B  294C               	goto	i1l3758
  1291                           	
  1292  014C                     i1l2280:	
  1293                           	line	12
  1294                           	
  1295  014C                     i1l3758:	
  1296  014C  0875               	movf	(___wmul@product+1),w
  1297  014D  01F1               	clrf	(?___wmul+1)
  1298  014E  07F1               	addwf	(?___wmul+1)
  1299  014F  0874               	movf	(___wmul@product),w
  1300  0150  01F0               	clrf	(?___wmul)
  1301  0151  07F0               	addwf	(?___wmul)
  1302                           
  1303  0152  2953               	goto	i1l2281
  1304                           	
  1305  0153                     i1l3760:	
  1306                           	line	13
  1307                           	
  1308  0153                     i1l2281:	
  1309  0153  0008               	return
  1310                           	opt stack 0
  1311                           GLOBAL	__end_of___wmul
  1312  0154                     	__end_of___wmul:
  1313 ;; =============== function ___wmul ends ============
  1314                           
  1315                           	signat	___wmul,8314
  1316                           psect	text127,local,class=CODE,delta=2
  1317                           global __ptext127
  1318  0000                     __ptext127:
  1319                           	global	btemp
  1320  007E                     	btemp set 07Eh
  1321                           
  1322                           	DABS	1,126,2	;btemp
  1323                           	global	wtemp0
  1324  007E                     	wtemp0 set btemp


HI-TECH Software PICC Macro Assembler V9.83 build 10920 
Symbol Table                                                                                   Sat Apr 29 15:37:52 2017

                      _RD 0CA8                        _WR 0CA9       ___wmul@multiplicand 0072  
                     _GIE 005F                       _RA0 0060                       _RA2 0062  
    InterReceiver@counter 0020      InterReceiver@offtime 002A                       wreg 0009  
    InterReceiver@rev_flg 0024      InterReceiver@now_sec 0028                      l1190 0171  
                    l1193 012F                      l1187 0170                      l1188 0170  
                    l1189 0171                      l3720 0111                      l3730 011C  
                    l3722 0114                      l3740 0129                      l3732 011E  
                    l3724 0117                      l3716 010C                      l3742 012A  
                    l3734 0120                      l3726 0119                      l3718 010F  
                    l3744 012C                      l3736 0122                      l3728 011A  
                    l3746 012D                      l3738 0126                      l3762 016C  
                    l3748 012E                      _PEIE 005E                      _RCIE 048D  
                    _RCIF 008D                      _TMR0 0015                      _WREN 0CAA  
                    _main 016C                      _init 010C                      btemp 007E  
                    start 010A                     ?_main 0070                     ?_init 0070  
                   _EEADR 0191                     _BRG16 0CFB                     _CARRY 0018  
                   _RCREG 0199                     _RCSTA 019D                     _SPBRG 019B  
                   _PORTA 000C                     _TRISA 008C                     _TXSTA 019E  
                   wtemp0 007E    __size_of_InterReceiver 0106              __end_of_main 0172  
            __end_of_init 0130                    ??_main 0000                    ??_init 0000  
                  _EEDATA 0193                    _EECON1 0195                    _EECON2 0196  
                  _ANSELA 018C                    i1l1161 00A8                    i1l1170 0071  
                  i1l1162 0028                    i1l1163 00A6                    i1l1171 00A2  
                  i1l1180 00E0                    i1l1172 007C                    i1l1164 0035  
                  i1l1181 0104                    i1l1165 00A5                    i1l1173 00A1  
                  i1l1182 0103                    i1l1174 00A0                    i1l1166 0040  
                  i1l1175 0106                    i1l1183 0102                    i1l1167 00A4  
                  i1l1176 0105                    i1l1184 0106                    i1l1168 0064  
                  i1l1177 00E8                    i1l1169 00A3                    i1l1178 00E7  
                  i1l2280 014C                    i1l2281 0153                    i1l2278 0133  
                  i1l2279 013B                    i1l3700 00C7                    i1l3710 00EE  
                  i1l3702 00CD                    i1l3712 00FB                    i1l3704 00DB  
                  i1l3714 00FD                    i1l3706 00E2                    i1l3650 0008  
                  i1l3708 00E8                    i1l3660 0026                    i1l3652 000C  
                  i1l3750 0130                    i1l3670 0040                    i1l3654 0013  
                  i1l3662 0028                    i1l3760 0153                    i1l3752 0133  
                  i1l3680 0078                    i1l3672 0047                    i1l3664 002F  
                  i1l3656 001A                    i1l3754 0137                    i1l3690 00AC  
                  i1l3682 007C                    i1l3674 0064                    i1l3666 0035  
                  i1l3658 001C                    i1l3756 0140                    i1l3692 00AD  
                  i1l3684 0083                    i1l3676 006B                    i1l3668 003C  
                  i1l3758 014C                    i1l3694 00AF                    i1l3678 0071  
                  i1l3686 00A6                    i1l3696 00C0                    i1l3688 00A8  
                  i1l3698 00C3                    u230_20 000C                    u230_21 000B  
                  u231_20 0013                    u231_21 0012                    u240_20 00CD  
                  u232_20 002F                    u240_21 00CC                    u232_21 002E  
                  u241_20 00DB                    u233_20 003C                    u241_21 00DA  
                  u233_21 003B                    u241_25 00D7                    u242_20 00E0  
                  u234_20 0047                    u242_21 00DF                    u234_21 0046  
                  u243_20 00EE                    u235_20 006B                    u243_21 00ED  
                  u235_21 006A                    u244_20 00FB                    u236_20 0078  
                  u244_21 00FA                    u236_21 0077                    u244_25 00F7  
                  u245_20 0137                    u237_20 0083                    u245_21 0136  
                  u237_21 0082                    u238_20 00AC                    u238_21 00AB  
                  u246_25 013C                    u239_20 00C0                    u239_21 00BF  
                  u247_25 0141                    u239_25 00BC                    u248_20 014B  
                  u248_21 014A                    _OSCCON 0099                    _TMR0IE 005D  
                  _TMR0IF 005A                    ___wmul 0130             _InterReceiver 0004  
          __pcstackCOMMON 0070              __pidataBANK0 0172            ?_InterReceiver 0070  
              __pbssBANK0 0020                __pmaintext 016C                   ?___wmul 0070  
              __pintentry 0004                   _RXDTSEL 08EF                   _TXCKSEL 08EA  
         __size_of___wmul 0024           ??_InterReceiver 0076  InterReceiver@offtime_flg 0022  
    end_of_initialization 016A  InterReceiver@now_offtime 0026            __end_of___wmul 0154  
     start_initialization 0154                  ??___wmul 0074               __pdataBANK0 002A  
             __pbssCOMMON 0079             __pcstackBANK0 0000                 __ptext124 010C  
               __ptext126 0130                 __ptext127 0000          InterReceiver@flg 0079  
        InterReceiver@sec 007B            ___wmul@product 0074     __end_of_InterReceiver 010A  
       ___wmul@multiplier 0070             __size_of_main 0006             __size_of_init 0024  
                intlevel1 0000                _OPTION_REG 0095  
